
> app@0.1.0 build
> next build

Ôû▓ Next.js 16.1.6 (Turbopack)
- Environments: .env.local

node.exe : ÔÜá The "middleware" file 
convention is deprecated. Please use 
"proxy" instead. Learn more: https://nextjs
.org/docs/messages/middleware-to-proxy
At C:\Program Files\nodejs\npm.ps1:29 
char:3
+   & $NODE_EXE $NPM_CLI_JS $args
+   ~~~~~~~~~~~~~~~~~~~~~~~~~~~~~
    + CategoryInfo          : NotSpecified 
   : (ÔÜá The "middle...leware-to-proxy:S  
  tring) [], RemoteException
    + FullyQualifiedErrorId : NativeComman 
   dError
 
  Creating an optimized production build ...
Ô£ô Compiled successfully in 3.0s
  Running TypeScript ...
Failed to compile.

./snippets/metadata_update.ts:1:93
Type error: Cannot find name 'Metadata'.

[0m[31m[1m>[22m[39m[90m 1 |[39m 
[36mexport[39m [36masync[39m 
[36mfunction[39m 
generateMetadata(props[33m:[39m { 
params[33m:[39m 
[33mPromise[39m[33m<[39m{ 
id[33m:[39m string }[33m>[39m 
})[33m:[39m [33mPromise[39m[33m<[39m
[33mMetadata[39m[33m>[39m {
 [90m   |[39m                            
                                           
                      [31m[1m^[22m[39m
 [90m 2 |[39m     [36mconst[39m params 
[33m=[39m [36mawait[39m 
props[33m.[39mparams[33m;[39m
 [90m 3 |[39m     [36mconst[39m market 
[33m=[39m [36mawait[39m 
getMarket(params[33m.[39mid)[33m;[39m
 [90m 4 |[39m[0m
Next.js build worker exited with code: 1 
and signal: null
