
> app@0.1.0 build
> next build

node.exe : ÔÜá `eslint` configuration in 
next.config.mjs is no longer supported. See 
more info here: https://nextjs.org/docs/app/
api-reference/cli/next#next-lint-options
At C:\Program Files\nodejs\npm.ps1:29 char:3
+   & $NODE_EXE $NPM_CLI_JS $args
+   ~~~~~~~~~~~~~~~~~~~~~~~~~~~~~
    + CategoryInfo          : NotSpecified: 
    (ÔÜá `eslint` co...xt-lint-options:Str  
  ing) [], RemoteException
    + FullyQualifiedErrorId : NativeCommand 
   Error
 
ÔÜá Invalid next.config.mjs options 
detected: 
ÔÜá     Unrecognized key(s) in object: 
'eslint'
ÔÜá See more info here: https://nextjs.org/d
ocs/messages/invalid-next-config
Ôû▓ Next.js 16.1.6 (Turbopack)
- Environments: .env.local

ÔÜá The "middleware" file convention is 
deprecated. Please use "proxy" instead. 
Learn more: https://nextjs.org/docs/messages
/middleware-to-proxy
  Creating an optimized production build ...

> Build error occurred
Error: Turbopack build failed with 7 errors:
./app/app/(user)/markets/[id]/MarketDetailCl
ient.tsx:371:18
Parsing ecmascript source code failed
[0m [90m 369 |[39m     }[33m;[39m
 [90m 370 |[39m
[31m[1m>[22m[39m[90m 371 |[39m     
[36mif[39m ([33m![39mmarket) 
[36mreturn[39m [33m<[39m[33mdiv[39m 
className[33m=[39m[32m"min-h-screen 
pt-20 text-center text-gray-400"[39m[33m>
[39m[33mMercado[39m n├úo encontrado[33m.
[39m[33m<[39m[33m/[39m[33mdiv[39m[33m
>[39m[33m;[39m
 [90m     |[39m                  [31m[1m
^[22m[39m[31m[1m^[22m[39m[31m[1m^[2
2m[39m[31m[1m^[22m[39m[31m[1m^[22m[
39m[31m[1m^[22m[39m[31m[1m^[22m[39m
[31m[1m^[22m[39m[31m[1m^[22m[39m[31m
[1m^[22m[39m[31m[1m^[22m[39m[31m[1m
^[22m[39m[31m[1m^[22m[39m[31m[1m^[2
2m[39m[31m[1m^[22m[39m[31m[1m^[22m[
39m[31m[1m^[22m[39m[31m[1m^[22m[39m
[31m[1m^[22m[39m[31m[1m^[22m[39m[31m
[1m^[22m[39m[31m[1m^[22m[39m[31m[1m
^[22m[39m[31m[1m^[22m[39m[31m[1m^[2
2m[39m[31m[1m^[22m[39m[31m[1m^[22m[
39m[31m[1m^[22m[39m[31m[1m^[22m[39m
[31m[1m^[22m[39m[31m[1m^[22m[39m[31m
[1m^[22m[39m[31m[1m^[22m[39m[31m[1m
^[22m[39m[31m[1m^[22m[39m[31m[1m^[2
2m[39m[31m[1m^[22m[39m[31m[1m^[22m[
39m[31m[1m^[22m[39m[31m[1m^[22m[39m
[31m[1m^[22m[39m[31m[1m^[22m[39m[31m
[1m^[22m[39m[31m[1m^[22m[39m[31m[1m
^[22m[39m[31m[1m^[22m[39m[31m[1m^[2
2m[39m[31m[1m^[22m[39m[31m[1m^[22m[
39m[31m[1m^[22m[39m[31m[1m^[22m[39m
[31m[1m^[22m[39m[31m[1m^[22m[39m[31m
[1m^[22m[39m[31m[1m^[22m[39m[31m[1m
^[22m[39m[31m[1m^[22m[39m[31m[1m^[2
2m[39m[31m[1m^[22m[39m[31m[1m^[22m[
39m[31m[1m^[22m[39m[31m[1m^[22m[39m
[31m[1m^[22m[39m[31m[1m^[22m[39m[31m
[1m^[22m[39m[31m[1m^[22m[39m[31m[1m
^[22m[39m[31m[1m^[22m[39m[31m[1m^[2
2m[39m[31m[1m^[22m[39m[31m[1m^[22m[
39m[31m[1m^[22m[39m[31m[1m^[22m[39m
[31m[1m^[22m[39m[31m[1m^[22m[39m[31m
[1m^[22m[39m[31m[1m^[22m[39m[31m[1m
^[22m[39m[31m[1m^[22m[39m[31m[1m^[2
2m[39m[31m[1m^[22m[39m[31m[1m^[22m[
39m[31m[1m^[22m[39m[31m[1m^[22m[39m
[31m[1m^[22m[39m[31m[1m^[22m[39m[31m
[1m^[22m[39m[31m[1m^[22m[39m[31m[1m
^[22m[39m[31m[1m^[22m[39m[31m[1m^[2
2m[39m[31m[1m^[22m[39m[31m[1m^[22m[
39m[31m[1m^[22m[39m[31m[1m^[22m[39m
[31m[1m^[22m[39m[31m[1m^[22m[39m[31m
[1m^[22m[39m[31m[1m^[22m[39m[31m[1m
^[22m[39m
 [90m 372 |[39m
 [90m 373 |[39m     [36mreturn[39m (
 [90m 374 |[39m         
[33m<[39m[33m>[39m[0m

Return statement is not allowed here

Import trace:
  Server Component:
    ./app/app/(user)/markets/[id]/MarketDeta
ilClient.tsx
    ./app/app/(user)/markets/[id]/page.tsx


./app/app/(user)/markets/[id]/MarketDetailCl
ient.tsx:373:5
Parsing ecmascript source code failed
[0m [90m 371 |[39m     [36mif[39m 
([33m![39mmarket) [36mreturn[39m 
[33m<[39m[33mdiv[39m 
className[33m=[39m[32m"min-h-screen 
pt-20 text-center text-gray-400"[39m[33m>
[39m[33mMercado[39m n├úo encontrado[33m.
[39m[33m<[39m[33m/[39m[33mdiv[39m[33m
>[39m[33m;[39m
 [90m 372 |[39m
[31m[1m>[22m[39m[90m 373 |[39m     
[36mreturn[39m (
 [90m     |[39m     [31m[1m^[22m[39m[
31m[1m^[22m[39m[31m[1m^[22m[39m[31m
[1m^[22m[39m[31m[1m^[22m[39m[31m[1m^
[22m[39m[31m[1m^[22m[39m[31m[1m^[22
m[39m
[31m[1m>[22m[39m[90m 374 |[39m        
 [33m<[39m[33m>[39m
 [90m     |[39m [31m[1m^[22m[39m[31m
[1m^[22m[39m[31m[1m^[22m[39m[31m[1m^
[22m[39m[31m[1m^[22m[39m[31m[1m^[22
m[39m[31m[1m^[22m[39m[31m[1m^[22m[3
9m[31m[1m^[22m[39m[31m[1m^[22m[39m
[31m[1m>[22m[39m[90m 375 |[39m        
     {[90m/* Toast Layer */[39m}
 [90m     |[39m [31m[1m^[22m[39m[31m
[1m^[22m[39m[31m[1m^[22m[39m[31m[1m^
[22m[39m[31m[1m^[22m[39m[31m[1m^[22
m[39m[31m[1m^[22m[39m[31m[1m^[22m[3
9m[31m[1m^[22m[39m[31m[1m^[22m[39m
[31m[1m>[22m[39m[90m 376 |[39m        
     [33m<[39m[33mToastContainer[39m 
toasts[33m=[39m{toasts} 
onRemove[33m=[39m{removeToast} 
[33m/[39m[33m>[39m
 [90m     |[39m [31m[1m^[22m[39m[31m
[1m^[22m[39m[31m[1m^[22m[39m[31m[1m^
[22m[39m[31m[1m^[22m[39m[31m[1m^[22
m[39m[31m[1m^[22m[39m[31m[1m^[22m[3
9m[31m[1m^[22m[39m[31m[1m^[22m[39m
[31m[1m>[22m[39m[90m 377 |[39m
 [90m     |[39m [31m[1m^[22m[39m[31m
[1m^[22m[39m[31m[1m^[22m[39m[31m[1m^
[22m[39m[31m[1m^[22m[39m[31m[1m^[22
m[39m[31m[1m^[22m[39m[31m[1m^[22m[3
9m[31m[1m^[22m[39m[31m[1m^[22m[39m
[31m[1m>[22m[39m[90m 378 |[39m        
     [33m<[39m[33mdiv[39m 
className[33m=[39m[32m"max-w-[1200px] 
mx-auto p-4 lg:p-8 pb-40 
lg:pb-8"[39m[33m>[39m
 [90m     |[39m [31m[1m^[22m[39m[31m
[1m^[22m[39m[31m[1m^[22m[39m[31m[1m^
[22m[39m[31m[1m^[22m[39m[31m[1m^[22
m[39m[31m[1m^[22m[39m[31m[1m^[22m[3
9m[31m[1m^[22m[39m[31m[1m^[22m[39m
[31m[1m>[22m[39m[90m 379 |[39m        
         [33m<[39m[33mdiv[39m 
className[33m=[39m[32m"grid grid-cols-1 
lg:grid-cols-[1fr_380px] 
gap-8"[39m[33m>[39m
 [90m     |[39m [31m[1m^[22m[39m[31m
[1m^[22m[39m[31m[1m^[22m[39m[31m[1m^
[22m[39m[31m[1m^[22m[39m[31m[1m^[22
m[39m[31m[1m^[22m[39m[31m[1m^[22m[3
9m[31m[1m^[22m[39m[31m[1m^[22m[39m
[31m[1m>[22m[39m[90m 380 |[39m
 [90m     |[39m [31m[1m^[22m[39m[31m
[1m^[22m[39m[31m[1m^[22m[39m[31m[1m^
[22m[39m[31m[1m^[22m[39m[31m[1m^[22
m[39m[31m[1m^[22m[39m[31m[1m^[22m[3
9m[31m[1m^[22m[39m[31m[1m^[22m[39m
[31m[1m>[22m[39m[90m 381 |[39m        
             {[90m/* LEFT COLUMN */[39m}
 [90m     |[39m [31m[1m^[22m[39m[31m
[1m^[22m[39m[31m[1m^[22m[39m[31m[1m^
[22m[39m[31m[1m^[22m[39m[31m[1m^[22
m[39m[31m[1m^[22m[39m[31m[1m^[22m[3
9m[31m[1m^[22m[39m[31m[1m^[22m[39m
[31m[1m>[22m[39m[90m 382 |[39m        
             [33m<[39m[33mdiv[39m classN
ame[33m=[39m[32m"space-y-6"[39m[33m>[3
9m
 [90m     |[39m [31m[1m^[22m[39m[31m
[1m^[22m[39m[31m[1m^[22m[39m[31m[1m^
[22m[39m[31m[1m^[22m[39m[31m[1m^[22
m[39m[31m[1m^[22m[39m[31m[1m^[22m[3
9m[31m[1m^[22m[39m[31m[1m^[22m[39m
[31m[1m>[22m[39m[90m 383 |[39m
 [90m     |[39m [31m[1m^[22m[39m[31m
[1m^[22m[39m[31m[1m^[22m[39m[31m[1m^
[22m[39m[31m[1m^[22m[39m[31m[1m^[22
m[39m[31m[1m^[22m[39m[31m[1m^[22m[3
9m[31m[1m^[22m[39m[31m[1m^[22m[39m
[31m[1m>[22m[39m[90m 384 |[39m        
                 {[90m/* Header */[39m}
 [90m     |[39m [31m[1m^[22m[39m[31m
[1m^[22m[39m[31m[1m^[22m[39m[31m[1m^
[22m[39m[31m[1m^[22m[39m[31m[1m^[22
m[39m[31m[1m^[22m[39m[31m[1m^[22m[3
9m[31m[1m^[22m[39m[31m[1m^[22m[39m
[31m[1m>[22m[39m[90m 385 |[39m        
                 [33m<[39m[33mdiv[39m 
className[33m=[39m[32m"flex items-center 
justify-between"[39m[33m>[39m
 [90m     |[39m [31m[1m^[22m[39m[31m
[1m^[22m[39m[31m[1m^[22m[39m[31m[1m^
[22m[39m[31m[1m^[22m[39m[31m[1m^[22
m[39m[31m[1m^[22m[39m[31m[1m^[22m[3
9m[31m[1m^[22m[39m[31m[1m^[22m[39m
[31m[1m>[22m[39m[90m 386 |[39m        
                     
[33m<[39m[33mdiv[39m 
className[33m=[39m[32m"flex items-center 
gap-3"[39m[33m>[39m
 [90m     |[39m [31m[1m^[22m[39m[31m
[1m^[22m[39m[31m[1m^[22m[39m[31m[1m^
[22m[39m[31m[1m^[22m[39m[31m[1m^[22
m[39m[31m[1m^[22m[39m[31m[1m^[22m[3
9m[31m[1m^[22m[39m[31m[1m^[22m[39m
[31m[1m>[22m[39m[90m 387 |[39m        
                         
[33m<[39m[33mLink[39m 
href[33m=[39m[32m"/app/markets"[39m 
className[33m=[39m[32m"p-2 -ml-2 
text-gray-400 hover:text-white 
transition-colors"[39m[33m>[39m
 [90m     |[39m [31m[1m^[22m[39m[31m
[1m^[22m[39m[31m[1m^[22m[39m[31m[1m^
[22m[39m[31m[1m^[22m[39m[31m[1m^[22
m[39m[31m[1m^[22m[39m[31m[1m^[22m[3
9m[31m[1m^[22m[39m[31m[1m^[22m[39m
[31m[1m>[22m[39m[90m 388 |[39m        
                             
[33m<[39m[33mArrowLeft[39m 
className[33m=[39m[32m"w-5 h-5"[39m 
[33m/[39m[33m>[39m
 [90m     |[39m [31m[1m^[22m[39m[31m
[1m^[22m[39m[31m[1m^[22m[39m[31m[1m^
[22m[39m[31m[1m^[22m[39m[31m[1m^[22
m[39m[31m[1m^[22m[39m[31m[1m^[22m[3
9m[31m[1m^[22m[39m[31m[1m^[22m[39m
[31m[1m>[22m[39m[90m 389 |[39m        
                         [33m<[39m[33m/[
39m[33mLink[39m[33m>[39m
 [90m     |[39m [31m[1m^[22m[39m[31m
[1m^[22m[39m[31m[1m^[22m[39m[31m[1m^
[22m[39m[31m[1m^[22m[39m[31m[1m^[22
m[39m[31m[1m^[22m[39m[31m[1m^[22m[3
9m[31m[1m^[22m[39m[31m[1m^[22m[39m
[31m[1m>[22m[39m[90m 390 |[39m        
                         
[33m<[39m[33mimg[39m 
src[33m=[39m{market[33m.[39mimage_url 
[33m||[39m 
[32m"https://placehold.co/100"[39m} 
alt[33m=[39m{market[33m.[39mtitle} 
className[33m=[39m[32m"w-10 h-10 
rounded-full object-cover border 
border-white/10 flex-shrink-0"[39m 
[33m/[39m[33m>[39m
 [90m     |[39m [31m[1m^[22m[39m[31m
[1m^[22m[39m[31m[1m^[22m[39m[31m[1m^
[22m[39m[31m[1m^[22m[39m[31m[1m^[22
m[39m[31m[1m^[22m[39m[31m[1m^[22m[3
9m[31m[1m^[22m[39m[31m[1m^[22m[39m
[31m[1m>[22m[39m[90m 391 |[39m        
                         
[33m<[39m[33mh1[39m 
className[33m=[39m[32m"text-xl font-bold 
leading-tight line-clamp-2 pr-4"[39m[33m>
[39m{market[33m.[39mtitle}[33m<[39m[33m
/[39m[33mh1[39m[33m>[39m
 [90m     |[39m [31m[1m^[22m[39m[31m
[1m^[22m[39m[31m[1m^[22m[39m[31m[1m^
[22m[39m[31m[1m^[22m[39m[31m[1m^[22
m[39m[31m[1m^[22m[39m[31m[1m^[22m[3
9m[31m[1m^[22m[39m[31m[1m^[22m[39m
[31m[1m>[22m[39m[90m 392 |[39m        
                     [33m<[39m[33m/[39m
[33mdiv[39m[33m>[39m
 [90m     |[39m [31m[1m^[22m[39m[31m
[1m^[22m[39m[31m[1m^[22m[39m[31m[1m^
[22m[39m[31m[1m^[22m[39m[31m[1m^[22
m[39m[31m[1m^[22m[39m[31m[1m^[22m[3
9m[31m[1m^[22m[39m[31m[1m^[22m[39m
[31m[1m>[22m[39m[90m 393 |[39m        
                     
[33m<[39m[33mbutton[39m 
onClick[33m=[39m{handleShare} 
className[33m=[39m[32m"p-2 bg-surface 
border border-white/5 rounded-lg 
text-primary hover:bg-white/5 
transition-colors 
flex-shrink-0"[39m[33m>[39m
 [90m     |[39m [31m[1m^[22m[39m[31m
[1m^[22m[39m[31m[1m^[22m[39m[31m[1m^
[22m[39m[31m[1m^[22m[39m[31m[1m^[22
m[39m[31m[1m^[22m[39m[31m[1m^[22m[3
9m[31m[1m^[22m[39m[31m[1m^[22m[39m
[31m[1m>[22m[39m[90m 394 |[39m        
                         
[33m<[39m[33mShare2[39m 
className[33m=[39m[32m"w-5 h-5"[39m 
[33m/[39m[33m>[39m
 [90m     |[39m [31m[1m^[22m[39m[31m
[1m^[22m[39m[31m[1m^[22m[39m[31m[1m^
[22m[39m[31m[1m^[22m[39m[31m[1m^[22
m[39m[31m[1m^[22m[39m[31m[1m^[22m[3
9m[31m[1m^[22m[39m[31m[1m^[22m[39m
[31m[1m>[22m[39m[90m 395 |[39m        
                     [33m<[39m[33m/[39m
[33mbutton[39m[33m>[39m
 [90m     |[39m [31m[1m^[22m[39m[31m
[1m^[22m[39m[31m[1m^[22m[39m[31m[1m^
[22m[39m[31m[1m^[22m[39m[31m[1m^[22
m[39m[31m[1m^[22m[39m[31m[1m^[22m[3
9m[31m[1m^[22m[39m[31m[1m^[22m[39m
[31m[1m>[22m[39m[90m 396 |[39m        
                 [33m<[39m[33m/[39m[33m
div[39m[33m>[39m
 [90m     |[39m [31m[1m^[22m[39m[31m
[1m^[22m[39m[31m[1m^[22m[39m[31m[1m^
[22m[39m[31m[1m^[22m[39m[31m[1m^[22
m[39m[31m[1m^[22m[39m[31m[1m^[22m[3
9m[31m[1m^[22m[39m[31m[1m^[22m[39m
[31m[1m>[22m[39m[90m 397 |[39m
 [90m     |[39m [31m[1m^[22m[39m[31m
[1m^[22m[39m[31m[1m^[22m[39m[31m[1m^
[22m[39m[31m[1m^[22m[39m[31m[1m^[22
m[39m[31m[1m^[22m[39m[31m[1m^[22m[3
9m[31m[1m^[22m[39m[31m[1m^[22m[39m
[31m[1m>[22m[39m[90m 398 |[39m        
                 {[90m/* CHART SECTION 
*/[39m}
 [90m     |[39m [31m[1m^[22m[39m[31m
[1m^[22m[39m[31m[1m^[22m[39m[31m[1m^
[22m[39m[31m[1m^[22m[39m[31m[1m^[22
m[39m[31m[1m^[22m[39m[31m[1m^[22m[3
9m[31m[1m^[22m[39m[31m[1m^[22m[39m
[31m[1m>[22m[39m[90m 399 |[39m        
                 [33m<[39m[33mdiv[39m 
className[33m=[39m[32m"bg-surface 
rounded-xl border border-white/5 p-4 md:p-6 
space-y-6 shadow-lg 
shadow-black/50"[39m[33m>[39m
 [90m     |[39m [31m[1m^[22m[39m[31m
[1m^[22m[39m[31m[1m^[22m[39m[31m[1m^
[22m[39m[31m[1m^[22m[39m[31m[1m^[22
m[39m[31m[1m^[22m[39m[31m[1m^[22m[3
9m[31m[1m^[22m[39m[31m[1m^[22m[39m
[31m[1m>[22m[39m[90m 400 |[39m
 [90m     |[39m [31m[1m^[22m[39m[31m
[1m^[22m[39m[31m[1m^[22m[39m[31m[1m^
[22m[39m[31m[1m^[22m[39m[31m[1m^[22
m[39m[31m[1m^[22m[39m[31m[1m^[22m[3
9m[31m[1m^[22m[39m[31m[1m^[22m[39m
[31m[1m>[22m[39m[90m 401 |[39m        
                     {[90m/* Chart Legend 
*/[39m}
 [90m     |[39m [31m[1m^[22m[39m[31m
[1m^[22m[39m[31m[1m^[22m[39m[31m[1m^
[22m[39m[31m[1m^[22m[39m[31m[1m^[22
m[39m[31m[1m^[22m[39m[31m[1m^[22m[3
9m[31m[1m^[22m[39m[31m[1m^[22m[39m
[31m[1m>[22m[39m[90m 402 |[39m        
                     
[33m<[39m[33mdiv[39m 
className[33m=[39m[32m"flex flex-wrap 
gap-4 text-xs font-bold 
text-gray-300"[39m[33m>[39m
 [90m     |[39m [31m[1m^[22m[39m[31m
[1m^[22m[39m[31m[1m^[22m[39m[31m[1m^
[22m[39m[31m[1m^[22m[39m[31m[1m^[22
m[39m[31m[1m^[22m[39m[31m[1m^[22m[3
9m[31m[1m^[22m[39m[31m[1m^[22m[39m
[31m[1m>[22m[39m[90m 403 |[39m        
                         {outcomeStats[33m.
[39mmap((stat[33m:[39m any) [33m=>[39m 
(
 [90m     |[39m [31m[1m^[22m[39m[31m
[1m^[22m[39m[31m[1m^[22m[39m[31m[1m^
[22m[39m[31m[1m^[22m[39m[31m[1m^[22
m[39m[31m[1m^[22m[39m[31m[1m^[22m[3
9m[31m[1m^[22m[39m[31m[1m^[22m[39m
[31m[1m>[22m[39m[90m 404 |[39m        
                             
[33m<[39m[33mdiv[39m 
key[33m=[39m{stat[33m.[39mname} 
className[33m=[39m[32m"flex items-center 
gap-2"[39m[33m>[39m
 [90m     |[39m [31m[1m^[22m[39m[31m
[1m^[22m[39m[31m[1m^[22m[39m[31m[1m^
[22m[39m[31m[1m^[22m[39m[31m[1m^[22
m[39m[31m[1m^[22m[39m[31m[1m^[22m[3
9m[31m[1m^[22m[39m[31m[1m^[22m[39m
[31m[1m>[22m[39m[90m 405 |[39m        
                                 
[33m<[39m[33mdiv[39m 
className[33m=[39m[32m"w-2.5 h-2.5 
rounded-full"[39m style[33m=[39m{{ 
backgroundColor[33m:[39m 
stat[33m.[39mcolor }} 
[33m/[39m[33m>[39m
 [90m     |[39m [31m[1m^[22m[39m[31m
[1m^[22m[39m[31m[1m^[22m[39m[31m[1m^
[22m[39m[31m[1m^[22m[39m[31m[1m^[22
m[39m[31m[1m^[22m[39m[31m[1m^[22m[3
9m[31m[1m^[22m[39m[31m[1m^[22m[39m
[31m[1m>[22m[39m[90m 406 |[39m        
                                 [33m<[39m
[33mspan[39m[33m>[39m{stat[33m.[39mnam
e}[33m:[39m {stat[33m.[39mprob}[33m%[3
9m[33m<[39m[33m/[39m[33mspan[39m[33m>
[39m
 [90m     |[39m [31m[1m^[22m[39m[31m
[1m^[22m[39m[31m[1m^[22m[39m[31m[1m^
[22m[39m[31m[1m^[22m[39m[31m[1m^[22
m[39m[31m[1m^[22m[39m[31m[1m^[22m[3
9m[31m[1m^[22m[39m[31m[1m^[22m[39m
[31m[1m>[22m[39m[90m 407 |[39m        
                             [33m<[39m[33
m/[39m[33mdiv[39m[33m>[39m
 [90m     |[39m [31m[1m^[22m[39m[31m
[1m^[22m[39m[31m[1m^[22m[39m[31m[1m^
[22m[39m[31m[1m^[22m[39m[31m[1m^[22
m[39m[31m[1m^[22m[39m[31m[1m^[22m[3
9m[31m[1m^[22m[39m[31m[1m^[22m[39m
[31m[1m>[22m[39m[90m 408 |[39m        
                         ))}
 [90m     |[39m [31m[1m^[22m[39m[31m
[1m^[22m[39m[31m[1m^[22m[39m[31m[1m^
[22m[39m[31m[1m^[22m[39m[31m[1m^[22
m[39m[31m[1m^[22m[39m[31m[1m^[22m[3
9m[31m[1m^[22m[39m[31m[1m^[22m[39m
[31m[1m>[22m[39m[90m 409 |[39m        
                     [33m<[39m[33m/[39m
[33mdiv[39m[33m>[39m
 [90m     |[39m [31m[1m^[22m[39m[31m
[1m^[22m[39m[31m[1m^[22m[39m[31m[1m^
[22m[39m[31m[1m^[22m[39m[31m[1m^[22
m[39m[31m[1m^[22m[39m[31m[1m^[22m[3
9m[31m[1m^[22m[39m[31m[1m^[22m[39m
[31m[1m>[22m[39m[90m 410 |[39m
 [90m     |[39m [31m[1m^[22m[39m[31m
[1m^[22m[39m[31m[1m^[22m[39m[31m[1m^
[22m[39m[31m[1m^[22m[39m[31m[1m^[22
m[39m[31m[1m^[22m[39m[31m[1m^[22m[3
9m[31m[1m^[22m[39m[31m[1m^[22m[39m
[31m[1m>[22m[39m[90m 411 |[39m        
                     {[90m/* Line Chart 
*/[39m}
 [90m     |[39m [31m[1m^[22m[39m[31m
[1m^[22m[39m[31m[1m^[22m[39m[31m[1m^
[22m[39m[31m[1m^[22m[39m[31m[1m^[22
m[39m[31m[1m^[22m[39m[31m[1m^[22m[3
9m[31m[1m^[22m[39m[31m[1m^[22m[39m
[31m[1m>[22m[39m[90m 412 |[39m        
                     
[33m<[39m[33mResponsiveContainer[39m 
width[33m=[39m[32m"100%"[39m 
height[33m=[39m{[35m180[39m}[33m>[39m
 [90m     |[39m [31m[1m^[22m[39m[31m
[1m^[22m[39m[31m[1m^[22m[39m[31m[1m^
[22m[39m[31m[1m^[22m[39m[31m[1m^[22
m[39m[31m[1m^[22m[39m[31m[1m^[22m[3
9m[31m[1m^[22m[39m[31m[1m^[22m[39m
[31m[1m>[22m[39m[90m 413 |[39m        
                         
[33m<[39m[33mLineChart[39m 
data[33m=[39m{chartData} 
margin[33m=[39m{{ top[33m:[39m 
[35m5[39m[33m,[39m right[33m:[39m 
[35m5[39m[33m,[39m bottom[33m:[39m 
[35m5[39m[33m,[39m left[33m:[39m 
[33m-[39m[35m30[39m }}[33m>[39m
 [90m     |[39m [31m[1m^[22m[39m[31m
[1m^[22m[39m[31m[1m^[22m[39m[31m[1m^
[22m[39m[31m[1m^[22m[39m[31m[1m^[22
m[39m[31m[1m^[22m[39m[31m[1m^[22m[3
9m[31m[1m^[22m[39m[31m[1m^[22m[39m
[31m[1m>[22m[39m[90m 414 |[39m        
                             
[33m<[39m[33mXAxis[39m 
dataKey[33m=[39m[32m"timeLabel"[39m 
tick[33m=[39m{{ fill[33m:[39m 
[32m'#4B5563'[39m[33m,[39m 
fontSize[33m:[39m [35m10[39m }} 
axisLine[33m=[39m{[36mfalse[39m} 
tickLine[33m=[39m{[36mfalse[39m} interva
l[33m=[39m[32m"preserveStartEnd"[39m 
[33m/[39m[33m>[39m
 [90m     |[39m [31m[1m^[22m[39m[31m
[1m^[22m[39m[31m[1m^[22m[39m[31m[1m^
[22m[39m[31m[1m^[22m[39m[31m[1m^[22
m[39m[31m[1m^[22m[39m[31m[1m^[22m[3
9m[31m[1m^[22m[39m[31m[1m^[22m[39m
[31m[1m>[22m[39m[90m 415 |[39m        
                             
[33m<[39m[33mYAxis[39m 
domain[33m=[39m{[[35m0[39m[33m,[39m 
[35m100[39m]} tick[33m=[39m{{ 
fill[33m:[39m 
[32m'#4B5563'[39m[33m,[39m 
fontSize[33m:[39m [35m10[39m }} 
axisLine[33m=[39m{[36mfalse[39m} 
tickLine[33m=[39m{[36mfalse[39m} 
tickFormatter[33m=[39m{(v) [33m=>[39m 
[32m`${v}%`[39m} [33m/[39m[33m>[39m
 [90m     |[39m [31m[1m^[22m[39m[31m
[1m^[22m[39m[31m[1m^[22m[39m[31m[1m^
[22m[39m[31m[1m^[22m[39m[31m[1m^[22
m[39m[31m[1m^[22m[39m[31m[1m^[22m[3
9m[31m[1m^[22m[39m[31m[1m^[22m[39m
[31m[1m>[22m[39m[90m 416 |[39m        
                             
[33m<[39m[33mTooltip[39m
 [90m     |[39m [31m[1m^[22m[39m[31m
[1m^[22m[39m[31m[1m^[22m[39m[31m[1m^
[22m[39m[31m[1m^[22m[39m[31m[1m^[22
m[39m[31m[1m^[22m[39m[31m[1m^[22m[3
9m[31m[1m^[22m[39m[31m[1m^[22m[39m
[31m[1m>[22m[39m[90m 417 |[39m        
                                 
contentStyle[33m=[39m{{ 
background[33m:[39m 
[32m'#1a1d24'[39m[33m,[39m 
border[33m:[39m [32m'1px solid 
rgba(255,255,255,0.1)'[39m[33m,[39m 
borderRadius[33m:[39m 
[35m8[39m[33m,[39m fontSize[33m:[39m 
[35m12[39m }}
 [90m     |[39m [31m[1m^[22m[39m[31m
[1m^[22m[39m[31m[1m^[22m[39m[31m[1m^
[22m[39m[31m[1m^[22m[39m[31m[1m^[22
m[39m[31m[1m^[22m[39m[31m[1m^[22m[3
9m[31m[1m^[22m[39m[31m[1m^[22m[39m
[31m[1m>[22m[39m[90m 418 |[39m        
                                 
labelStyle[33m=[39m{{ color[33m:[39m 
[32m'#9CA3AF'[39m }}
 [90m     |[39m [31m[1m^[22m[39m[31m
[1m^[22m[39m[31m[1m^[22m[39m[31m[1m^
[22m[39m[31m[1m^[22m[39m[31m[1m^[22
m[39m[31m[1m^[22m[39m[31m[1m^[22m[3
9m[31m[1m^[22m[39m[31m[1m^[22m[39m
[31m[1m>[22m[39m[90m 419 |[39m        
                                 
formatter[33m=[39m{(value[33m:[39m 
any[33m,[39m name[33m:[39m any) 
[33m=>[39m [[32m`${parseFloat(value).toFi
xed(1)}%`[39m[33m,[39m name]}
 [90m     |[39m [31m[1m^[22m[39m[31m
[1m^[22m[39m[31m[1m^[22m[39m[31m[1m^
[22m[39m[31m[1m^[22m[39m[31m[1m^[22
m[39m[31m[1m^[22m[39m[31m[1m^[22m[3
9m[31m[1m^[22m[39m[31m[1m^[22m[39m
[31m[1m>[22m[39m[90m 420 |[39m        
                             
[33m/[39m[33m>[39m
 [90m     |[39m [31m[1m^[22m[39m[31m
[1m^[22m[39m[31m[1m^[22m[39m[31m[1m^
[22m[39m[31m[1m^[22m[39m[31m[1m^[22
m[39m[31m[1m^[22m[39m[31m[1m^[22m[3
9m[31m[1m^[22m[39m[31m[1m^[22m[39m
[31m[1m>[22m[39m[90m 421 |[39m        
                             {outcomeStats[
33m.[39mmap((stat[33m:[39m any) 
[33m=>[39m (
 [90m     |[39m [31m[1m^[22m[39m[31m
[1m^[22m[39m[31m[1m^[22m[39m[31m[1m^
[22m[39m[31m[1m^[22m[39m[31m[1m^[22
m[39m[31m[1m^[22m[39m[31m[1m^[22m[3
9m[31m[1m^[22m[39m[31m[1m^[22m[39m
[31m[1m>[22m[39m[90m 422 |[39m        
                                 
[33m<[39m[33mLine[39m 
key[33m=[39m{stat[33m.[39mname} 
type[33m=[39m[32m"monotone"[39m 
dataKey[33m=[39m{stat[33m.[39mname} 
stroke[33m=[39m{stat[33m.[39mcolor} 
strokeWidth[33m=[39m{[35m2[39m} 
dot[33m=[39m{[36mfalse[39m} 
[33m/[39m[33m>[39m
 [90m     |[39m [31m[1m^[22m[39m[31m
[1m^[22m[39m[31m[1m^[22m[39m[31m[1m^
[22m[39m[31m[1m^[22m[39m[31m[1m^[22
m[39m[31m[1m^[22m[39m[31m[1m^[22m[3
9m[31m[1m^[22m[39m[31m[1m^[22m[39m
[31m[1m>[22m[39m[90m 423 |[39m        
                             ))}
 [90m     |[39m [31m[1m^[22m[39m[31m
[1m^[22m[39m[31m[1m^[22m[39m[31m[1m^
[22m[39m[31m[1m^[22m[39m[31m[1m^[22
m[39m[31m[1m^[22m[39m[31m[1m^[22m[3
9m[31m[1m^[22m[39m[31m[1m^[22m[39m
[31m[1m>[22m[39m[90m 424 |[39m        
                         [33m<[39m[33m/[
39m[33mLineChart[39m[33m>[39m
 [90m     |[39m [31m[1m^[22m[39m[31m
[1m^[22m[39m[31m[1m^[22m[39m[31m[1m^
[22m[39m[31m[1m^[22m[39m[31m[1m^[22
m[39m[31m[1m^[22m[39m[31m[1m^[22m[3
9m[31m[1m^[22m[39m[31m[1m^[22m[39m
[31m[1m>[22m[39m[90m 425 |[39m        
                     [33m<[39m[33m/[39m
[33mResponsiveContainer[39m[33m>[39m
 [90m     |[39m [31m[1m^[22m[39m[31m
[1m^[22m[39m[31m[1m^[22m[39m[31m[1m^
[22m[39m[31m[1m^[22m[39m[31m[1m^[22
m[39m[31m[1m^[22m[39m[31m[1m^[22m[3
9m[31m[1m^[22m[39m[31m[1m^[22m[39m
[31m[1m>[22m[39m[90m 426 |[39m
 [90m     |[39m [31m[1m^[22m[39m[31m
[1m^[22m[39m[31m[1m^[22m[39m[31m[1m^
[22m[39m[31m[1m^[22m[39m[31m[1m^[22
m[39m[31m[1m^[22m[39m[31m[1m^[22m[3
9m[31m[1m^[22m[39m[31m[1m^[22m[39m
[31m[1m>[22m[39m[90m 427 |[39m        
                     {[90m/* Time Filter 
*/[39m}
 [90m     |[39m [31m[1m^[22m[39m[31m
[1m^[22m[39m[31m[1m^[22m[39m[31m[1m^
[22m[39m[31m[1m^[22m[39m[31m[1m^[22
m[39m[31m[1m^[22m[39m[31m[1m^[22m[3
9m[31m[1m^[22m[39m[31m[1m^[22m[39m
[31m[1m>[22m[39m[90m 428 |[39m        
                     
[33m<[39m[33mdiv[39m 
className[33m=[39m[32m"flex gap-2 
overflow-x-auto pb-2 
scrollbar-hide"[39m[33m>[39m
 [90m     |[39m [31m[1m^[22m[39m[31m
[1m^[22m[39m[31m[1m^[22m[39m[31m[1m^
[22m[39m[31m[1m^[22m[39m[31m[1m^[22
m[39m[31m[1m^[22m[39m[31m[1m^[22m[3
9m[31m[1m^[22m[39m[31m[1m^[22m[39m
[31m[1m>[22m[39m[90m 429 |[39m        
                         {[[32m'Ao 
Vivo'[39m[33m,[39m 
[32m'1H'[39m[33m,[39m 
[32m'6H'[39m[33m,[39m 
[32m'1D'[39m[33m,[39m 
[32m'1S'[39m[33m,[39m 
[32m'1M'[39m[33m,[39m 
[32m'Tudo'[39m][33m.[39mmap(tf 
[33m=>[39m (
 [90m     |[39m [31m[1m^[22m[39m[31m
[1m^[22m[39m[31m[1m^[22m[39m[31m[1m^
[22m[39m[31m[1m^[22m[39m[31m[1m^[22
m[39m[31m[1m^[22m[39m[31m[1m^[22m[3
9m[31m[1m^[22m[39m[31m[1m^[22m[39m
[31m[1m>[22m[39m[90m 430 |[39m        
                             
[33m<[39m[33mbutton[39m 
key[33m=[39m{tf} onClick[33m=[39m{() 
[33m=>[39m setTimeFilter(tf)}
 [90m     |[39m [31m[1m^[22m[39m[31m
[1m^[22m[39m[31m[1m^[22m[39m[31m[1m^
[22m[39m[31m[1m^[22m[39m[31m[1m^[22
m[39m[31m[1m^[22m[39m[31m[1m^[22m[3
9m[31m[1m^[22m[39m[31m[1m^[22m[39m
[31m[1m>[22m[39m[90m 431 |[39m        
                                 
className[33m=[39m{[32m`px-3 py-1.5 
rounded-lg text-xs font-bold 
transition-colors whitespace-nowrap 
${timeFilter === tf ? 'bg-primary/10 
text-primary' : 'text-gray-400 
hover:bg-white/5 
hover:text-white'}`[39m}[33m>[39m
 [90m     |[39m [31m[1m^[22m[39m[31m
[1m^[22m[39m[31m[1m^[22m[39m[31m[1m^
[22m[39m[31m[1m^[22m[39m[31m[1m^[22
m[39m[31m[1m^[22m[39m[31m[1m^[22m[3
9m[31m[1m^[22m[39m[31m[1m^[22m[39m
[31m[1m>[22m[39m[90m 432 |[39m        
                                 {tf}
 [90m     |[39m [31m[1m^[22m[39m[31m
[1m^[22m[39m[31m[1m^[22m[39m[31m[1m^
[22m[39m[31m[1m^[22m[39m[31m[1m^[22
m[39m[31m[1m^[22m[39m[31m[1m^[22m[3
9m[31m[1m^[22m[39m[31m[1m^[22m[39m
[31m[1m>[22m[39m[90m 433 |[39m        
                             [33m<[39m[33
m/[39m[33mbutton[39m[33m>[39m
 [90m     |[39m [31m[1m^[22m[39m[31m
[1m^[22m[39m[31m[1m^[22m[39m[31m[1m^
[22m[39m[31m[1m^[22m[39m[31m[1m^[22
m[39m[31m[1m^[22m[39m[31m[1m^[22m[3
9m[31m[1m^[22m[39m[31m[1m^[22m[39m
[31m[1m>[22m[39m[90m 434 |[39m        
                         ))}
 [90m     |[39m [31m[1m^[22m[39m[31m
[1m^[22m[39m[31m[1m^[22m[39m[31m[1m^
[22m[39m[31m[1m^[22m[39m[31m[1m^[22
m[39m[31m[1m^[22m[39m[31m[1m^[22m[3
9m[31m[1m^[22m[39m[31m[1m^[22m[39m
[31m[1m>[22m[39m[90m 435 |[39m        
                     [33m<[39m[33m/[39m
[33mdiv[39m[33m>[39m
 [90m     |[39m [31m[1m^[22m[39m[31m
[1m^[22m[39m[31m[1m^[22m[39m[31m[1m^
[22m[39m[31m[1m^[22m[39m[31m[1m^[22
m[39m[31m[1m^[22m[39m[31m[1m^[22m[3
9m[31m[1m^[22m[39m[31m[1m^[22m[39m
[31m[1m>[22m[39m[90m 436 |[39m        
                 [33m<[39m[33m/[39m[33m
div[39m[33m>[39m
 [90m     |[39m [31m[1m^[22m[39m[31m
[1m^[22m[39m[31m[1m^[22m[39m[31m[1m^
[22m[39m[31m[1m^[22m[39m[31m[1m^[22
m[39m[31m[1m^[22m[39m[31m[1m^[22m[3
9m[31m[1m^[22m[39m[31m[1m^[22m[39m
[31m[1m>[22m[39m[90m 437 |[39m
 [90m     |[39m [31m[1m^[22m[39m[31m
[1m^[22m[39m[31m[1m^[22m[39m[31m[1m^
[22m[39m[31m[1m^[22m[39m[31m[1m^[22
m[39m[31m[1m^[22m[39m[31m[1m^[22m[3
9m[31m[1m^[22m[39m[31m[1m^[22m[39m
[31m[1m>[22m[39m[90m 438 |[39m        
                 {[90m/* Market Info 
*/[39m}
 [90m     |[39m [31m[1m^[22m[39m[31m
[1m^[22m[39m[31m[1m^[22m[39m[31m[1m^
[22m[39m[31m[1m^[22m[39m[31m[1m^[22
m[39m[31m[1m^[22m[39m[31m[1m^[22m[3
9m[31m[1m^[22m[39m[31m[1m^[22m[39m
[31m[1m>[22m[39m[90m 439 |[39m        
                 
{market[33m.[39mdescription [33m&&[39m (
 [90m     |[39m [31m[1m^[22m[39m[31m
[1m^[22m[39m[31m[1m^[22m[39m[31m[1m^
[22m[39m[31m[1m^[22m[39m[31m[1m^[22
m[39m[31m[1m^[22m[39m[31m[1m^[22m[3
9m[31m[1m^[22m[39m[31m[1m^[22m[39m
[31m[1m>[22m[39m[90m 440 |[39m        
                     
[33m<[39m[33mdiv[39m 
className[33m=[39m[32m"bg-surface/50 
border border-white/5 rounded-xl p-4 
text-sm text-gray-400 
leading-relaxed"[39m[33m>[39m
 [90m     |[39m [31m[1m^[22m[39m[31m
[1m^[22m[39m[31m[1m^[22m[39m[31m[1m^
[22m[39m[31m[1m^[22m[39m[31m[1m^[22
m[39m[31m[1m^[22m[39m[31m[1m^[22m[3
9m[31m[1m^[22m[39m[31m[1m^[22m[39m
[31m[1m>[22m[39m[90m 441 |[39m        
                         
{market[33m.[39mdescription}
 [90m     |[39m [31m[1m^[22m[39m[31m
[1m^[22m[39m[31m[1m^[22m[39m[31m[1m^
[22m[39m[31m[1m^[22m[39m[31m[1m^[22
m[39m[31m[1m^[22m[39m[31m[1m^[22m[3
9m[31m[1m^[22m[39m[31m[1m^[22m[39m
[31m[1m>[22m[39m[90m 442 |[39m        
                     [33m<[39m[33m/[39m
[33mdiv[39m[33m>[39m
 [90m     |[39m [31m[1m^[22m[39m[31m
[1m^[22m[39m[31m[1m^[22m[39m[31m[1m^
[22m[39m[31m[1m^[22m[39m[31m[1m^[22
m[39m[31m[1m^[22m[39m[31m[1m^[22m[3
9m[31m[1m^[22m[39m[31m[1m^[22m[39m
[31m[1m>[22m[39m[90m 443 |[39m        
                 )}
 [90m     |[39m [31m[1m^[22m[39m[31m
[1m^[22m[39m[31m[1m^[22m[39m[31m[1m^
[22m[39m[31m[1m^[22m[39m[31m[1m^[22
m[39m[31m[1m^[22m[39m[31m[1m^[22m[3
9m[31m[1m^[22m[39m[31m[1m^[22m[39m
[31m[1m>[22m[39m[90m 444 |[39m        
             [33m<[39m[33m/[39m[33mdiv
[39m[33m>[39m
 [90m     |[39m [31m[1m^[22m[39m[31m
[1m^[22m[39m[31m[1m^[22m[39m[31m[1m^
[22m[39m[31m[1m^[22m[39m[31m[1m^[22
m[39m[31m[1m^[22m[39m[31m[1m^[22m[3
9m[31m[1m^[22m[39m[31m[1m^[22m[39m
[31m[1m>[22m[39m[90m 445 |[39m
 [90m     |[39m [31m[1m^[22m[39m[31m
[1m^[22m[39m[31m[1m^[22m[39m[31m[1m^
[22m[39m[31m[1m^[22m[39m[31m[1m^[22
m[39m[31m[1m^[22m[39m[31m[1m^[22m[3
9m[31m[1m^[22m[39m[31m[1m^[22m[39m
[31m[1m>[22m[39m[90m 446 |[39m        
             {[90m/* RIGHT COLUMN: Bet 
Slip */[39m}
 [90m     |[39m [31m[1m^[22m[39m[31m
[1m^[22m[39m[31m[1m^[22m[39m[31m[1m^
[22m[39m[31m[1m^[22m[39m[31m[1m^[22
m[39m[31m[1m^[22m[39m[31m[1m^[22m[3
9m[31m[1m^[22m[39m[31m[1m^[22m[39m
[31m[1m>[22m[39m[90m 447 |[39m        
             [33m<[39m[33mdiv[39m 
className[33m=[39m[32m"relative w-full 
pb-24 lg:pb-0"[39m[33m>[39m
 [90m     |[39m [31m[1m^[22m[39m[31m
[1m^[22m[39m[31m[1m^[22m[39m[31m[1m^
[22m[39m[31m[1m^[22m[39m[31m[1m^[22
m[39m[31m[1m^[22m[39m[31m[1m^[22m[3
9m[31m[1m^[22m[39m[31m[1m^[22m[39m
[31m[1m>[22m[39m[90m 448 |[39m        
                 [33m<[39m[33mdiv[39m 
className[33m=[39m[32m"fixed bottom-0 
left-0 right-0 z-50 lg:sticky lg:top-24 
bg-surface lg:rounded-xl border-t lg:border 
border-white/5 
shadow-[0_-10px_40px_rgba(0,0,0,0.5)] 
lg:shadow-2xl overflow-auto 
lg:max-h-[calc(100vh-6rem)]"[39m[33m>[39m
 [90m     |[39m [31m[1m^[22m[39m[31m
[1m^[22m[39m[31m[1m^[22m[39m[31m[1m^
[22m[39m[31m[1m^[22m[39m[31m[1m^[22
m[39m[31m[1m^[22m[39m[31m[1m^[22m[3
9m[31m[1m^[22m[39m[31m[1m^[22m[39m
[31m[1m>[22m[39m[90m 449 |[39m
 [90m     |[39m [31m[1m^[22m[39m[31m
[1m^[22m[39m[31m[1m^[22m[39m[31m[1m^
[22m[39m[31m[1m^[22m[39m[31m[1m^[22
m[39m[31m[1m^[22m[39m[31m[1m^[22m[3
9m[31m[1m^[22m[39m[31m[1m^[22m[39m
[31m[1m>[22m[39m[90m 450 |[39m        
                     
[33m<[39m[33mdiv[39m 
className[33m=[39m[32m"p-4 md:p-5 
space-y-4"[39m[33m>[39m
 [90m     |[39m [31m[1m^[22m[39m[31m
[1m^[22m[39m[31m[1m^[22m[39m[31m[1m^
[22m[39m[31m[1m^[22m[39m[31m[1m^[22
m[39m[31m[1m^[22m[39m[31m[1m^[22m[3
9m[31m[1m^[22m[39m[31m[1m^[22m[39m
[31m[1m>[22m[39m[90m 451 |[39m
 [90m     |[39m [31m[1m^[22m[39m[31m
[1m^[22m[39m[31m[1m^[22m[39m[31m[1m^
[22m[39m[31m[1m^[22m[39m[31m[1m^[22
m[39m[31m[1m^[22m[39m[31m[1m^[22m[3
9m[31m[1m^[22m[39m[31m[1m^[22m[39m
[31m[1m>[22m[39m[90m 452 |[39m        
                         {[90m/* 
Participant row ÔÇö above outcome options 
*/[39m}
 [90m     |[39m [31m[1m^[22m[39m[31m
[1m^[22m[39m[31m[1m^[22m[39m[31m[1m^
[22m[39m[31m[1m^[22m[39m[31m[1m^[22
m[39m[31m[1m^[22m[39m[31m[1m^[22m[3
9m[31m[1m^[22m[39m[31m[1m^[22m[39m
[31m[1m>[22m[39m[90m 453 |[39m        
                         
[33m<[39m[33mParticipantRow[39m 
marketId[33m=[39m{market[33m.[39mid} tot
alPool[33m=[39m{market[33m.[39mtotal_poo
l [33m||[39m [35m0[39m} 
[33m/[39m[33m>[39m
 [90m     |[39m [31m[1m^[22m[39m[31m
[1m^[22m[39m[31m[1m^[22m[39m[31m[1m^
[22m[39m[31m[1m^[22m[39m[31m[1m^[22
m[39m[31m[1m^[22m[39m[31m[1m^[22m[3
9m[31m[1m^[22m[39m[31m[1m^[22m[39m
[31m[1m>[22m[39m[90m 454 |[39m
 [90m     |[39m [31m[1m^[22m[39m[31m
[1m^[22m[39m[31m[1m^[22m[39m[31m[1m^
[22m[39m[31m[1m^[22m[39m[31m[1m^[22
m[39m[31m[1m^[22m[39m[31m[1m^[22m[3
9m[31m[1m^[22m[39m[31m[1m^[22m[39m
[31m[1m>[22m[39m[90m 455 |[39m        
                         {[90m/* OUTCOME 
SELECTOR */[39m}
 [90m     |[39m [31m[1m^[22m[39m[31m
[1m^[22m[39m[31m[1m^[22m[39m[31m[1m^
[22m[39m[31m[1m^[22m[39m[31m[1m^[22
m[39m[31m[1m^[22m[39m[31m[1m^[22m[3
9m[31m[1m^[22m[39m[31m[1m^[22m[39m
[31m[1m>[22m[39m[90m 456 |[39m        
                         
[33m<[39m[33mdiv[39m className[33m=[39
m[32m"space-y-2"[39m[33m>[39m
 [90m     |[39m [31m[1m^[22m[39m[31m
[1m^[22m[39m[31m[1m^[22m[39m[31m[1m^
[22m[39m[31m[1m^[22m[39m[31m[1m^[22
m[39m[31m[1m^[22m[39m[31m[1m^[22m[3
9m[31m[1m^[22m[39m[31m[1m^[22m[39m
[31m[1m>[22m[39m[90m 457 |[39m        
                             
[33m<[39m[33mdiv[39m 
className[33m=[39m[32m"text-xs 
text-gray-500 uppercase font-bold tracking-w
ider"[39m[33m>[39m[33mSua[39m previs├úo
[33m<[39m[33m/[39m[33mdiv[39m[33m>[3
9m
 [90m     |[39m [31m[1m^[22m[39m[31m
[1m^[22m[39m[31m[1m^[22m[39m[31m[1m^
[22m[39m[31m[1m^[22m[39m[31m[1m^[22
m[39m[31m[1m^[22m[39m[31m[1m^[22m[3
9m[31m[1m^[22m[39m[31m[1m^[22m[39m
[31m[1m>[22m[39m[90m 458 |[39m        
                             
[33m<[39m[33mdiv[39m 
className[33m=[39m{[32m`grid gap-2 
${outcomeStats.length === 2 ? 'grid-cols-2' 
: 'grid-cols-1'}`[39m}[33m>[39m
 [90m     |[39m [31m[1m^[22m[39m[31m
[1m^[22m[39m[31m[1m^[22m[39m[31m[1m^
[22m[39m[31m[1m^[22m[39m[31m[1m^[22
m[39m[31m[1m^[22m[39m[31m[1m^[22m[3
9m[31m[1m^[22m[39m[31m[1m^[22m[39m
[31m[1m>[22m[39m[90m 459 |[39m        
                                 {outcomeSta
ts[33m.[39mmap((stat[33m:[39m any) 
[33m=>[39m {
 [90m     |[39m [31m[1m^[22m[39m[31m
[1m^[22m[39m[31m[1m^[22m[39m[31m[1m^
[22m[39m[31m[1m^[22m[39m[31m[1m^[22
m[39m[31m[1m^[22m[39m[31m[1m^[22m[3
9m[31m[1m^[22m[39m[31m[1m^[22m[39m
[31m[1m>[22m[39m[90m 460 |[39m        
                                     
[36mconst[39m isSelected [33m=[39m 
selectedOutcome [33m===[39m 
stat[33m.[39mname[33m;[39m
 [90m     |[39m [31m[1m^[22m[39m[31m
[1m^[22m[39m[31m[1m^[22m[39m[31m[1m^
[22m[39m[31m[1m^[22m[39m[31m[1m^[22
m[39m[31m[1m^[22m[39m[31m[1m^[22m[3
9m[31m[1m^[22m[39m[31m[1m^[22m[39m
[31m[1m>[22m[39m[90m 461 |[39m        
                                     
[36mreturn[39m (
 [90m     |[39m [31m[1m^[22m[39m[31m
[1m^[22m[39m[31m[1m^[22m[39m[31m[1m^
[22m[39m[31m[1m^[22m[39m[31m[1m^[22
m[39m[31m[1m^[22m[39m[31m[1m^[22m[3
9m[31m[1m^[22m[39m[31m[1m^[22m[39m
[31m[1m>[22m[39m[90m 462 |[39m        
                                         
[33m<[39m[33mbutton[39m
 [90m     |[39m [31m[1m^[22m[39m[31m
[1m^[22m[39m[31m[1m^[22m[39m[31m[1m^
[22m[39m[31m[1m^[22m[39m[31m[1m^[22
m[39m[31m[1m^[22m[39m[31m[1m^[22m[3
9m[31m[1m^[22m[39m[31m[1m^[22m[39m
[31m[1m>[22m[39m[90m 463 |[39m        
                                            
 key[33m=[39m{stat[33m.[39mname}
 [90m     |[39m [31m[1m^[22m[39m[31m
[1m^[22m[39m[31m[1m^[22m[39m[31m[1m^
[22m[39m[31m[1m^[22m[39m[31m[1m^[22
m[39m[31m[1m^[22m[39m[31m[1m^[22m[3
9m[31m[1m^[22m[39m[31m[1m^[22m[39m
[31m[1m>[22m[39m[90m 464 |[39m        
                                            
 onClick[33m=[39m{() [33m=>[39m 
setSelectedOutcome(stat[33m.[39mname)}
 [90m     |[39m [31m[1m^[22m[39m[31m
[1m^[22m[39m[31m[1m^[22m[39m[31m[1m^
[22m[39m[31m[1m^[22m[39m[31m[1m^[22
m[39m[31m[1m^[22m[39m[31m[1m^[22m[3
9m[31m[1m^[22m[39m[31m[1m^[22m[39m
[31m[1m>[22m[39m[90m 465 |[39m        
                                            
 className[33m=[39m{[32m`relative p-3 
rounded-xl border transition-all text-left 
overflow-hidden ${isSelected ? 'bg-white/5 
border-primary/60 ring-1 ring-primary/40' : 
'bg-black/20 border-white/5 
hover:bg-white/5 
hover:border-white/10'}`[39m}
 [90m     |[39m [31m[1m^[22m[39m[31m
[1m^[22m[39m[31m[1m^[22m[39m[31m[1m^
[22m[39m[31m[1m^[22m[39m[31m[1m^[22
m[39m[31m[1m^[22m[39m[31m[1m^[22m[3
9m[31m[1m^[22m[39m[31m[1m^[22m[39m
[31m[1m>[22m[39m[90m 466 |[39m        
                                         
[33m>[39m
 [90m     |[39m [31m[1m^[22m[39m[31m
[1m^[22m[39m[31m[1m^[22m[39m[31m[1m^
[22m[39m[31m[1m^[22m[39m[31m[1m^[22
m[39m[31m[1m^[22m[39m[31m[1m^[22m[3
9m[31m[1m^[22m[39m[31m[1m^[22m[39m
[31m[1m>[22m[39m[90m 467 |[39m        
                                            
 {[90m/* Progress bg */[39m}
 [90m     |[39m [31m[1m^[22m[39m[31m
[1m^[22m[39m[31m[1m^[22m[39m[31m[1m^
[22m[39m[31m[1m^[22m[39m[31m[1m^[22
m[39m[31m[1m^[22m[39m[31m[1m^[22m[3
9m[31m[1m^[22m[39m[31m[1m^[22m[39m
[31m[1m>[22m[39m[90m 468 |[39m        
                                            
 [33m<[39m[33mdiv[39m 
className[33m=[39m[32m"absolute left-0 
top-0 bottom-0 opacity-20 
transition-all"[39m style[33m=[39m{{ 
width[33m:[39m 
[32m`${stat.prob}%`[39m[33m,[39m 
backgroundColor[33m:[39m 
stat[33m.[39mcolor }} 
[33m/[39m[33m>[39m
 [90m     |[39m [31m[1m^[22m[39m[31m
[1m^[22m[39m[31m[1m^[22m[39m[31m[1m^
[22m[39m[31m[1m^[22m[39m[31m[1m^[22
m[39m[31m[1m^[22m[39m[31m[1m^[22m[3
9m[31m[1m^[22m[39m[31m[1m^[22m[39m
[31m[1m>[22m[39m[90m 469 |[39m        
                                            
 [33m<[39m[33mdiv[39m 
className[33m=[39m[32m"relative flex 
items-center 
justify-between"[39m[33m>[39m
 [90m     |[39m [31m[1m^[22m[39m[31m
[1m^[22m[39m[31m[1m^[22m[39m[31m[1m^
[22m[39m[31m[1m^[22m[39m[31m[1m^[22
m[39m[31m[1m^[22m[39m[31m[1m^[22m[3
9m[31m[1m^[22m[39m[31m[1m^[22m[39m
[31m[1m>[22m[39m[90m 470 |[39m        
                                            
     [33m<[39m[33mdiv[39m 
className[33m=[39m[32m"flex items-center 
gap-2"[39m[33m>[39m
 [90m     |[39m [31m[1m^[22m[39m[31m
[1m^[22m[39m[31m[1m^[22m[39m[31m[1m^
[22m[39m[31m[1m^[22m[39m[31m[1m^[22
m[39m[31m[1m^[22m[39m[31m[1m^[22m[3
9m[31m[1m^[22m[39m[31m[1m^[22m[39m
[31m[1m>[22m[39m[90m 471 |[39m        
                                            
         {isSelected [33m&&[39m 
[33m<[39m[33mCheck[39m 
className[33m=[39m[32m"w-3.5 h-3.5 
text-primary flex-shrink-0"[39m 
[33m/[39m[33m>[39m}
 [90m     |[39m [31m[1m^[22m[39m[31m
[1m^[22m[39m[31m[1m^[22m[39m[31m[1m^
[22m[39m[31m[1m^[22m[39m[31m[1m^[22
m[39m[31m[1m^[22m[39m[31m[1m^[22m[3
9m[31m[1m^[22m[39m[31m[1m^[22m[39m
[31m[1m>[22m[39m[90m 472 |[39m        
                                            
         [33m<[39m[33mspan[39m 
className[33m=[39m{[32m`text-sm 
font-bold truncate ${isSelected ? 
'text-white' : 'text-gray-300'}`[39m}[33m>
[39m{stat[33m.[39mname}[33m<[39m[33m/
[39m[33mspan[39m[33m>[39m
 [90m     |[39m [31m[1m^[22m[39m[31m
[1m^[22m[39m[31m[1m^[22m[39m[31m[1m^
[22m[39m[31m[1m^[22m[39m[31m[1m^[22
m[39m[31m[1m^[22m[39m[31m[1m^[22m[3
9m[31m[1m^[22m[39m[31m[1m^[22m[39m
[31m[1m>[22m[39m[90m 473 |[39m        
                                            
     [33m<[39m[33m/[39m[33mdiv[39m[33
m>[39m
 [90m     |[39m [31m[1m^[22m[39m[31m
[1m^[22m[39m[31m[1m^[22m[39m[31m[1m^
[22m[39m[31m[1m^[22m[39m[31m[1m^[22
m[39m[31m[1m^[22m[39m[31m[1m^[22m[3
9m[31m[1m^[22m[39m[31m[1m^[22m[39m
[31m[1m>[22m[39m[90m 474 |[39m        
                                            
     [33m<[39m[33mdiv[39m 
className[33m=[39m[32m"flex items-center 
gap-2 flex-shrink-0 ml-2"[39m[33m>[39m
 [90m     |[39m [31m[1m^[22m[39m[31m
[1m^[22m[39m[31m[1m^[22m[39m[31m[1m^
[22m[39m[31m[1m^[22m[39m[31m[1m^[22
m[39m[31m[1m^[22m[39m[31m[1m^[22m[3
9m[31m[1m^[22m[39m[31m[1m^[22m[39m
[31m[1m>[22m[39m[90m 475 |[39m        
                                            
         [33m<[39m[33mspan[39m 
className[33m=[39m{[32m`text-sm 
font-black ${isSelected ? 'text-primary' : '
text-gray-400'}`[39m}[33m>[39m{stat[33m.
[39modds}x[33m<[39m[33m/[39m[33mspan[
39m[33m>[39m
 [90m     |[39m [31m[1m^[22m[39m[31m
[1m^[22m[39m[31m[1m^[22m[39m[31m[1m^
[22m[39m[31m[1m^[22m[39m[31m[1m^[22
m[39m[31m[1m^[22m[39m[31m[1m^[22m[3
9m[31m[1m^[22m[39m[31m[1m^[22m[39m
[31m[1m>[22m[39m[90m 476 |[39m        
                                            
         [33m<[39m[33mspan[39m 
className[33m=[39m[32m"text-[10px] text-g
ray-500"[39m[33m>[39m{stat[33m.[39mprob
}[33m%[39m[33m<[39m[33m/[39m[33mspan
[39m[33m>[39m
 [90m     |[39m [31m[1m^[22m[39m[31m
[1m^[22m[39m[31m[1m^[22m[39m[31m[1m^
[22m[39m[31m[1m^[22m[39m[31m[1m^[22
m[39m[31m[1m^[22m[39m[31m[1m^[22m[3
9m[31m[1m^[22m[39m[31m[1m^[22m[39m
[31m[1m>[22m[39m[90m 477 |[39m        
                                            
     [33m<[39m[33m/[39m[33mdiv[39m[33
m>[39m
 [90m     |[39m [31m[1m^[22m[39m[31m
[1m^[22m[39m[31m[1m^[22m[39m[31m[1m^
[22m[39m[31m[1m^[22m[39m[31m[1m^[22
m[39m[31m[1m^[22m[39m[31m[1m^[22m[3
9m[31m[1m^[22m[39m[31m[1m^[22m[39m
[31m[1m>[22m[39m[90m 478 |[39m        
                                            
 [33m<[39m[33m/[39m[33mdiv[39m[33m>[
39m
 [90m     |[39m [31m[1m^[22m[39m[31m
[1m^[22m[39m[31m[1m^[22m[39m[31m[1m^
[22m[39m[31m[1m^[22m[39m[31m[1m^[22
m[39m[31m[1m^[22m[39m[31m[1m^[22m[3
9m[31m[1m^[22m[39m[31m[1m^[22m[39m
[31m[1m>[22m[39m[90m 479 |[39m        
                                         [3
3m<[39m[33m/[39m[33mbutton[39m[33m>[3
9m
 [90m     |[39m [31m[1m^[22m[39m[31m
[1m^[22m[39m[31m[1m^[22m[39m[31m[1m^
[22m[39m[31m[1m^[22m[39m[31m[1m^[22
m[39m[31m[1m^[22m[39m[31m[1m^[22m[3
9m[31m[1m^[22m[39m[31m[1m^[22m[39m
[31m[1m>[22m[39m[90m 480 |[39m        
                                     
)[33m;[39m
 [90m     |[39m [31m[1m^[22m[39m[31m
[1m^[22m[39m[31m[1m^[22m[39m[31m[1m^
[22m[39m[31m[1m^[22m[39m[31m[1m^[22
m[39m[31m[1m^[22m[39m[31m[1m^[22m[3
9m[31m[1m^[22m[39m[31m[1m^[22m[39m
[31m[1m>[22m[39m[90m 481 |[39m        
                                 })}
 [90m     |[39m [31m[1m^[22m[39m[31m
[1m^[22m[39m[31m[1m^[22m[39m[31m[1m^
[22m[39m[31m[1m^[22m[39m[31m[1m^[22
m[39m[31m[1m^[22m[39m[31m[1m^[22m[3
9m[31m[1m^[22m[39m[31m[1m^[22m[39m
[31m[1m>[22m[39m[90m 482 |[39m        
                             [33m<[39m[33
m/[39m[33mdiv[39m[33m>[39m
 [90m     |[39m [31m[1m^[22m[39m[31m
[1m^[22m[39m[31m[1m^[22m[39m[31m[1m^
[22m[39m[31m[1m^[22m[39m[31m[1m^[22
m[39m[31m[1m^[22m[39m[31m[1m^[22m[3
9m[31m[1m^[22m[39m[31m[1m^[22m[39m
[31m[1m>[22m[39m[90m 483 |[39m        
                         [33m<[39m[33m/[
39m[33mdiv[39m[33m>[39m
 [90m     |[39m [31m[1m^[22m[39m[31m
[1m^[22m[39m[31m[1m^[22m[39m[31m[1m^
[22m[39m[31m[1m^[22m[39m[31m[1m^[22
m[39m[31m[1m^[22m[39m[31m[1m^[22m[3
9m[31m[1m^[22m[39m[31m[1m^[22m[39m
[31m[1m>[22m[39m[90m 484 |[39m
 [90m     |[39m [31m[1m^[22m[39m[31m
[1m^[22m[39m[31m[1m^[22m[39m[31m[1m^
[22m[39m[31m[1m^[22m[39m[31m[1m^[22
m[39m[31m[1m^[22m[39m[31m[1m^[22m[3
9m[31m[1m^[22m[39m[31m[1m^[22m[39m
[31m[1m>[22m[39m[90m 485 |[39m        
                         
[33m<[39m[33mdiv[39m 
className[33m=[39m[32m"border-t 
border-white/5"[39m [33m/[39m[33m>[39m
 [90m     |[39m [31m[1m^[22m[39m[31m
[1m^[22m[39m[31m[1m^[22m[39m[31m[1m^
[22m[39m[31m[1m^[22m[39m[31m[1m^[22
m[39m[31m[1m^[22m[39m[31m[1m^[22m[3
9m[31m[1m^[22m[39m[31m[1m^[22m[39m
[31m[1m>[22m[39m[90m 486 |[39m
 [90m     |[39m [31m[1m^[22m[39m[31m
[1m^[22m[39m[31m[1m^[22m[39m[31m[1m^
[22m[39m[31m[1m^[22m[39m[31m[1m^[22
m[39m[31m[1m^[22m[39m[31m[1m^[22m[3
9m[31m[1m^[22m[39m[31m[1m^[22m[39m
[31m[1m>[22m[39m[90m 487 |[39m        
                         {[90m/* AMOUNT 
INPUT */[39m}
 [90m     |[39m [31m[1m^[22m[39m[31m
[1m^[22m[39m[31m[1m^[22m[39m[31m[1m^
[22m[39m[31m[1m^[22m[39m[31m[1m^[22
m[39m[31m[1m^[22m[39m[31m[1m^[22m[3
9m[31m[1m^[22m[39m[31m[1m^[22m[39m
[31m[1m>[22m[39m[90m 488 |[39m        
                         
[33m<[39m[33mdiv[39m className[33m=[39
m[32m"space-y-3"[39m[33m>[39m
 [90m     |[39m [31m[1m^[22m[39m[31m
[1m^[22m[39m[31m[1m^[22m[39m[31m[1m^
[22m[39m[31m[1m^[22m[39m[31m[1m^[22
m[39m[31m[1m^[22m[39m[31m[1m^[22m[3
9m[31m[1m^[22m[39m[31m[1m^[22m[39m
[31m[1m>[22m[39m[90m 489 |[39m        
                             
[33m<[39m[33mdiv[39m 
className[33m=[39m[32m"text-xs 
text-gray-500 uppercase font-bold tracking-w
ider"[39m[33m>[39m[33mQuantia[39m[33m<
[39m[33m/[39m[33mdiv[39m[33m>[39m
 [90m     |[39m [31m[1m^[22m[39m[31m
[1m^[22m[39m[31m[1m^[22m[39m[31m[1m^
[22m[39m[31m[1m^[22m[39m[31m[1m^[22
m[39m[31m[1m^[22m[39m[31m[1m^[22m[3
9m[31m[1m^[22m[39m[31m[1m^[22m[39m
[31m[1m>[22m[39m[90m 490 |[39m        
                             
[33m<[39m[33mdiv[39m 
className[33m=[39m[32m"flex items-center 
justify-between bg-black/40 border 
border-white/5 rounded-xl p-2 
gap-2"[39m[33m>[39m
 [90m     |[39m [31m[1m^[22m[39m[31m
[1m^[22m[39m[31m[1m^[22m[39m[31m[1m^
[22m[39m[31m[1m^[22m[39m[31m[1m^[22
m[39m[31m[1m^[22m[39m[31m[1m^[22m[3
9m[31m[1m^[22m[39m[31m[1m^[22m[39m
[31m[1m>[22m[39m[90m 491 |[39m        
                                 
[33m<[39m[33mbutton[39m 
onClick[33m=[39m{() [33m=>[39m setAmount
([33mMath[39m[33m.[39mmax([35m0[39m[3
3m,[39m (parseFloat(amount) [33m||[39m 
[35m0[39m) [33m-[39m 
[35m10[39m)[33m.[39mtoString())}
 [90m     |[39m [31m[1m^[22m[39m[31m
[1m^[22m[39m[31m[1m^[22m[39m[31m[1m^
[22m[39m[31m[1m^[22m[39m[31m[1m^[22
m[39m[31m[1m^[22m[39m[31m[1m^[22m[3
9m[31m[1m^[22m[39m[31m[1m^[22m[39m
[31m[1m>[22m[39m[90m 492 |[39m        
                                     
className[33m=[39m[32m"w-10 h-10 
rounded-lg bg-white/5 border border-white/5 
flex items-center justify-center 
text-gray-400 hover:text-white 
hover:bg-white/10 transition-colors text-lg 
font-bold"[39m[33m>[39m
 [90m     |[39m [31m[1m^[22m[39m[31m
[1m^[22m[39m[31m[1m^[22m[39m[31m[1m^
[22m[39m[31m[1m^[22m[39m[31m[1m^[22
m[39m[31m[1m^[22m[39m[31m[1m^[22m[3
9m[31m[1m^[22m[39m[31m[1m^[22m[39m
[31m[1m>[22m[39m[90m 493 |[39m        
                                     
[33m-[39m
 [90m     |[39m [31m[1m^[22m[39m[31m
[1m^[22m[39m[31m[1m^[22m[39m[31m[1m^
[22m[39m[31m[1m^[22m[39m[31m[1m^[22
m[39m[31m[1m^[22m[39m[31m[1m^[22m[3
9m[31m[1m^[22m[39m[31m[1m^[22m[39m
[31m[1m>[22m[39m[90m 494 |[39m        
                                 [33m<[39m
[33m/[39m[33mbutton[39m[33m>[39m
 [90m     |[39m [31m[1m^[22m[39m[31m
[1m^[22m[39m[31m[1m^[22m[39m[31m[1m^
[22m[39m[31m[1m^[22m[39m[31m[1m^[22
m[39m[31m[1m^[22m[39m[31m[1m^[22m[3
9m[31m[1m^[22m[39m[31m[1m^[22m[39m
[31m[1m>[22m[39m[90m 495 |[39m        
                                 
[33m<[39m[33mdiv[39m 
className[33m=[39m[32m"flex-1 flex 
items-center justify-center 
gap-1"[39m[33m>[39m
 [90m     |[39m [31m[1m^[22m[39m[31m
[1m^[22m[39m[31m[1m^[22m[39m[31m[1m^
[22m[39m[31m[1m^[22m[39m[31m[1m^[22
m[39m[31m[1m^[22m[39m[31m[1m^[22m[3
9m[31m[1m^[22m[39m[31m[1m^[22m[39m
[31m[1m>[22m[39m[90m 496 |[39m        
                                     
[33m<[39m[33mspan[39m 
className[33m=[39m[32m"text-xl font-bold 
text-white"[39m[33m>[39m[33mR$[39m[33m
<[39m[33m/[39m[33mspan[39m[33m>[39m
 [90m     |[39m [31m[1m^[22m[39m[31m
[1m^[22m[39m[31m[1m^[22m[39m[31m[1m^
[22m[39m[31m[1m^[22m[39m[31m[1m^[22
m[39m[31m[1m^[22m[39m[31m[1m^[22m[3
9m[31m[1m^[22m[39m[31m[1m^[22m[39m
[31m[1m>[22m[39m[90m 497 |[39m        
                                     
[33m<[39m[33minput[39m 
type[33m=[39m[32m"number"[39m 
value[33m=[39m{amount} 
onChange[33m=[39m{(e) [33m=>[39m setAmou
nt(e[33m.[39mtarget[33m.[39mvalue)}
 [90m     |[39m [31m[1m^[22m[39m[31m
[1m^[22m[39m[31m[1m^[22m[39m[31m[1m^
[22m[39m[31m[1m^[22m[39m[31m[1m^[22
m[39m[31m[1m^[22m[39m[31m[1m^[22m[3
9m[31m[1m^[22m[39m[31m[1m^[22m[39m
[31m[1m>[22m[39m[90m 498 |[39m        
                                         
className[33m=[39m[32m"w-20 
bg-transparent text-2xl font-bold 
text-white focus:outline-none text-center 
p-0"[39m
 [90m     |[39m [31m[1m^[22m[39m[31m
[1m^[22m[39m[31m[1m^[22m[39m[31m[1m^
[22m[39m[31m[1m^[22m[39m[31m[1m^[22
m[39m[31m[1m^[22m[39m[31m[1m^[22m[3
9m[31m[1m^[22m[39m[31m[1m^[22m[39m
[31m[1m>[22m[39m[90m 499 |[39m        
                                         
placeholder[33m=[39m[32m"0"[39m 
[33m/[39m[33m>[39m
 [90m     |[39m [31m[1m^[22m[39m[31m
[1m^[22m[39m[31m[1m^[22m[39m[31m[1m^
[22m[39m[31m[1m^[22m[39m[31m[1m^[22
m[39m[31m[1m^[22m[39m[31m[1m^[22m[3
9m[31m[1m^[22m[39m[31m[1m^[22m[39m
[31m[1m>[22m[39m[90m 500 |[39m        
                                 [33m<[39m
[33m/[39m[33mdiv[39m[33m>[39m
 [90m     |[39m [31m[1m^[22m[39m[31m
[1m^[22m[39m[31m[1m^[22m[39m[31m[1m^
[22m[39m[31m[1m^[22m[39m[31m[1m^[22
m[39m[31m[1m^[22m[39m[31m[1m^[22m[3
9m[31m[1m^[22m[39m[31m[1m^[22m[39m
[31m[1m>[22m[39m[90m 501 |[39m        
                                 
[33m<[39m[33mbutton[39m 
onClick[33m=[39m{() [33m=>[39m 
setAmount(((parseFloat(amount) [33m||[39m 
[35m0[39m) [33m+[39m 
[35m10[39m)[33m.[39mtoString())}
 [90m     |[39m [31m[1m^[22m[39m[31m
[1m^[22m[39m[31m[1m^[22m[39m[31m[1m^
[22m[39m[31m[1m^[22m[39m[31m[1m^[22
m[39m[31m[1m^[22m[39m[31m[1m^[22m[3
9m[31m[1m^[22m[39m[31m[1m^[22m[39m
[31m[1m>[22m[39m[90m 502 |[39m        
                                     
className[33m=[39m[32m"w-10 h-10 
rounded-lg bg-white/5 border border-white/5 
flex items-center justify-center 
text-gray-400 hover:text-white 
hover:bg-white/10 transition-colors text-lg 
font-bold"[39m[33m>[39m
 [90m     |[39m [31m[1m^[22m[39m[31m
[1m^[22m[39m[31m[1m^[22m[39m[31m[1m^
[22m[39m[31m[1m^[22m[39m[31m[1m^[22
m[39m[31m[1m^[22m[39m[31m[1m^[22m[3
9m[31m[1m^[22m[39m[31m[1m^[22m[39m
[31m[1m>[22m[39m[90m 503 |[39m        
                                     
[33m+[39m
 [90m     |[39m [31m[1m^[22m[39m[31m
[1m^[22m[39m[31m[1m^[22m[39m[31m[1m^
[22m[39m[31m[1m^[22m[39m[31m[1m^[22
m[39m[31m[1m^[22m[39m[31m[1m^[22m[3
9m[31m[1m^[22m[39m[31m[1m^[22m[39m
[31m[1m>[22m[39m[90m 504 |[39m        
                                 [33m<[39m
[33m/[39m[33mbutton[39m[33m>[39m
 [90m     |[39m [31m[1m^[22m[39m[31m
[1m^[22m[39m[31m[1m^[22m[39m[31m[1m^
[22m[39m[31m[1m^[22m[39m[31m[1m^[22
m[39m[31m[1m^[22m[39m[31m[1m^[22m[3
9m[31m[1m^[22m[39m[31m[1m^[22m[39m
[31m[1m>[22m[39m[90m 505 |[39m        
                             [33m<[39m[33
m/[39m[33mdiv[39m[33m>[39m
 [90m     |[39m [31m[1m^[22m[39m[31m
[1m^[22m[39m[31m[1m^[22m[39m[31m[1m^
[22m[39m[31m[1m^[22m[39m[31m[1m^[22
m[39m[31m[1m^[22m[39m[31m[1m^[22m[3
9m[31m[1m^[22m[39m[31m[1m^[22m[39m
[31m[1m>[22m[39m[90m 506 |[39m
 [90m     |[39m [31m[1m^[22m[39m[31m
[1m^[22m[39m[31m[1m^[22m[39m[31m[1m^
[22m[39m[31m[1m^[22m[39m[31m[1m^[22
m[39m[31m[1m^[22m[39m[31m[1m^[22m[3
9m[31m[1m^[22m[39m[31m[1m^[22m[39m
[31m[1m>[22m[39m[90m 507 |[39m        
                             
[33m<[39m[33mdiv[39m 
className[33m=[39m[32m"flex 
gap-2"[39m[33m>[39m
 [90m     |[39m [31m[1m^[22m[39m[31m
[1m^[22m[39m[31m[1m^[22m[39m[31m[1m^
[22m[39m[31m[1m^[22m[39m[31m[1m^[22
m[39m[31m[1m^[22m[39m[31m[1m^[22m[3
9m[31m[1m^[22m[39m[31m[1m^[22m[39m
[31m[1m>[22m[39m[90m 508 |[39m        
                                 
{[[35m10[39m[33m,[39m 
[35m20[39m[33m,[39m 
[35m50[39m[33m,[39m 
[35m100[39m][33m.[39mmap(val 
[33m=>[39m (
 [90m     |[39m [31m[1m^[22m[39m[31m
[1m^[22m[39m[31m[1m^[22m[39m[31m[1m^
[22m[39m[31m[1m^[22m[39m[31m[1m^[22
m[39m[31m[1m^[22m[39m[31m[1m^[22m[3
9m[31m[1m^[22m[39m[31m[1m^[22m[39m
[31m[1m>[22m[39m[90m 509 |[39m        
                                     
[33m<[39m[33mbutton[39m 
key[33m=[39m{val} onClick[33m=[39m{() 
[33m=>[39m 
setAmount(val[33m.[39mtoString())}
 [90m     |[39m [31m[1m^[22m[39m[31m
[1m^[22m[39m[31m[1m^[22m[39m[31m[1m^
[22m[39m[31m[1m^[22m[39m[31m[1m^[22
m[39m[31m[1m^[22m[39m[31m[1m^[22m[3
9m[31m[1m^[22m[39m[31m[1m^[22m[39m
[31m[1m>[22m[39m[90m 510 |[39m        
                                         
className[33m=[39m[32m"flex-1 py-1.5 
rounded-lg bg-white/5 border border-white/5 
text-xs font-bold text-gray-300 
hover:bg-white/10 hover:text-white 
transition-colors"[39m[33m>[39m
 [90m     |[39m [31m[1m^[22m[39m[31m
[1m^[22m[39m[31m[1m^[22m[39m[31m[1m^
[22m[39m[31m[1m^[22m[39m[31m[1m^[22
m[39m[31m[1m^[22m[39m[31m[1m^[22m[3
9m[31m[1m^[22m[39m[31m[1m^[22m[39m
[31m[1m>[22m[39m[90m 511 |[39m        
                                         
[33m+[39m[33mR$[39m {val}
 [90m     |[39m [31m[1m^[22m[39m[31m
[1m^[22m[39m[31m[1m^[22m[39m[31m[1m^
[22m[39m[31m[1m^[22m[39m[31m[1m^[22
m[39m[31m[1m^[22m[39m[31m[1m^[22m[3
9m[31m[1m^[22m[39m[31m[1m^[22m[39m
[31m[1m>[22m[39m[90m 512 |[39m        
                                     [33m<
[39m[33m/[39m[33mbutton[39m[33m>[39m
 [90m     |[39m [31m[1m^[22m[39m[31m
[1m^[22m[39m[31m[1m^[22m[39m[31m[1m^
[22m[39m[31m[1m^[22m[39m[31m[1m^[22
m[39m[31m[1m^[22m[39m[31m[1m^[22m[3
9m[31m[1m^[22m[39m[31m[1m^[22m[39m
[31m[1m>[22m[39m[90m 513 |[39m        
                                 ))}
 [90m     |[39m [31m[1m^[22m[39m[31m
[1m^[22m[39m[31m[1m^[22m[39m[31m[1m^
[22m[39m[31m[1m^[22m[39m[31m[1m^[22
m[39m[31m[1m^[22m[39m[31m[1m^[22m[3
9m[31m[1m^[22m[39m[31m[1m^[22m[39m
[31m[1m>[22m[39m[90m 514 |[39m        
                             [33m<[39m[33
m/[39m[33mdiv[39m[33m>[39m
 [90m     |[39m [31m[1m^[22m[39m[31m
[1m^[22m[39m[31m[1m^[22m[39m[31m[1m^
[22m[39m[31m[1m^[22m[39m[31m[1m^[22
m[39m[31m[1m^[22m[39m[31m[1m^[22m[3
9m[31m[1m^[22m[39m[31m[1m^[22m[39m
[31m[1m>[22m[39m[90m 515 |[39m        
                         [33m<[39m[33m/[
39m[33mdiv[39m[33m>[39m
 [90m     |[39m [31m[1m^[22m[39m[31m
[1m^[22m[39m[31m[1m^[22m[39m[31m[1m^
[22m[39m[31m[1m^[22m[39m[31m[1m^[22
m[39m[31m[1m^[22m[39m[31m[1m^[22m[3
9m[31m[1m^[22m[39m[31m[1m^[22m[39m
[31m[1m>[22m[39m[90m 516 |[39m
 [90m     |[39m [31m[1m^[22m[39m[31m
[1m^[22m[39m[31m[1m^[22m[39m[31m[1m^
[22m[39m[31m[1m^[22m[39m[31m[1m^[22
m[39m[31m[1m^[22m[39m[31m[1m^[22m[3
9m[31m[1m^[22m[39m[31m[1m^[22m[39m
[31m[1m>[22m[39m[90m 517 |[39m        
                         {[90m/* REWARD 
PREVIEW (Dynamic Checkoout Info) */[39m}
 [90m     |[39m [31m[1m^[22m[39m[31m
[1m^[22m[39m[31m[1m^[22m[39m[31m[1m^
[22m[39m[31m[1m^[22m[39m[31m[1m^[22
m[39m[31m[1m^[22m[39m[31m[1m^[22m[3
9m[31m[1m^[22m[39m[31m[1m^[22m[39m
[31m[1m>[22m[39m[90m 518 |[39m        
                         
[33m<[39m[33mdiv[39m 
className[33m=[39m[32m"space-y-1.5 pt-3 
border-t border-white/5"[39m[33m>[39m
 [90m     |[39m [31m[1m^[22m[39m[31m
[1m^[22m[39m[31m[1m^[22m[39m[31m[1m^
[22m[39m[31m[1m^[22m[39m[31m[1m^[22
m[39m[31m[1m^[22m[39m[31m[1m^[22m[3
9m[31m[1m^[22m[39m[31m[1m^[22m[39m
[31m[1m>[22m[39m[90m 519 |[39m        
                             
[33m<[39m[33mdiv[39m 
className[33m=[39m[32m"flex items-center 
justify-between text-xs"[39m[33m>[39m
 [90m     |[39m [31m[1m^[22m[39m[31m
[1m^[22m[39m[31m[1m^[22m[39m[31m[1m^
[22m[39m[31m[1m^[22m[39m[31m[1m^[22
m[39m[31m[1m^[22m[39m[31m[1m^[22m[3
9m[31m[1m^[22m[39m[31m[1m^[22m[39m
[31m[1m>[22m[39m[90m 520 |[39m        
                                 
[33m<[39m[33mspan[39m className[33m=[3
9m[32m"text-gray-400"[39m[33m>[39m[33mO
dd[39m [33mEstimada[39m [33mAtual[39m[
33m<[39m[33m/[39m[33mspan[39m[33m>[39
m
 [90m     |[39m [31m[1m^[22m[39m[31m
[1m^[22m[39m[31m[1m^[22m[39m[31m[1m^
[22m[39m[31m[1m^[22m[39m[31m[1m^[22
m[39m[31m[1m^[22m[39m[31m[1m^[22m[3
9m[31m[1m^[22m[39m[31m[1m^[22m[39m
[31m[1m>[22m[39m[90m 521 |[39m        
                                 
[33m<[39m[33mspan[39m 
className[33m=[39m[32m"font-bold text-gra
y-200"[39m[33m>[39m{currentOddsOption[33
m.[39mtoFixed([35m2[39m)}x[33m<[39m[33
m/[39m[33mspan[39m[33m>[39m
 [90m     |[39m [31m[1m^[22m[39m[31m
[1m^[22m[39m[31m[1m^[22m[39m[31m[1m^
[22m[39m[31m[1m^[22m[39m[31m[1m^[22
m[39m[31m[1m^[22m[39m[31m[1m^[22m[3
9m[31m[1m^[22m[39m[31m[1m^[22m[39m
[31m[1m>[22m[39m[90m 522 |[39m        
                             [33m<[39m[33
m/[39m[33mdiv[39m[33m>[39m
 [90m     |[39m [31m[1m^[22m[39m[31m
[1m^[22m[39m[31m[1m^[22m[39m[31m[1m^
[22m[39m[31m[1m^[22m[39m[31m[1m^[22
m[39m[31m[1m^[22m[39m[31m[1m^[22m[3
9m[31m[1m^[22m[39m[31m[1m^[22m[39m
[31m[1m>[22m[39m[90m 523 |[39m        
                             
[33m<[39m[33mdiv[39m 
className[33m=[39m[32m"flex items-center 
justify-between text-xs"[39m[33m>[39m
 [90m     |[39m [31m[1m^[22m[39m[31m
[1m^[22m[39m[31m[1m^[22m[39m[31m[1m^
[22m[39m[31m[1m^[22m[39m[31m[1m^[22
m[39m[31m[1m^[22m[39m[31m[1m^[22m[3
9m[31m[1m^[22m[39m[31m[1m^[22m[39m
[31m[1m>[22m[39m[90m 524 |[39m        
                                 
[33m<[39m[33mspan[39m className[33m=[3
9m[32m"text-gray-400"[39m[33m>[39m[33mP
articipa├º├úo[39m ([33mShares[39m)[33m<
[39m[33m/[39m[33mspan[39m[33m>[39m
 [90m     |[39m [31m[1m^[22m[39m[31m
[1m^[22m[39m[31m[1m^[22m[39m[31m[1m^
[22m[39m[31m[1m^[22m[39m[31m[1m^[22
m[39m[31m[1m^[22m[39m[31m[1m^[22m[3
9m[31m[1m^[22m[39m[31m[1m^[22m[39m
[31m[1m>[22m[39m[90m 525 |[39m        
                                 
[33m<[39m[33mspan[39m 
className[33m=[39m[32m"font-bold text-gra
y-200"[39m[33m>[39m{sharesAcquired 
[33m>[39m [35m0[39m [33m?[39m sharesAc
quired[33m.[39mtoFixed([35m4[39m) 
[33m:[39m [32m'-'[39m}[33m<[39m[33m/
[39m[33mspan[39m[33m>[39m
 [90m     |[39m [31m[1m^[22m[39m[31m
[1m^[22m[39m[31m[1m^[22m[39m[31m[1m^
[22m[39m[31m[1m^[22m[39m[31m[1m^[22
m[39m[31m[1m^[22m[39m[31m[1m^[22m[3
9m[31m[1m^[22m[39m[31m[1m^[22m[39m
[31m[1m>[22m[39m[90m 526 |[39m        
                             [33m<[39m[33
m/[39m[33mdiv[39m[33m>[39m
 [90m     |[39m [31m[1m^[22m[39m[31m
[1m^[22m[39m[31m[1m^[22m[39m[31m[1m^
[22m[39m[31m[1m^[22m[39m[31m[1m^[22
m[39m[31m[1m^[22m[39m[31m[1m^[22m[3
9m[31m[1m^[22m[39m[31m[1m^[22m[39m
[31m[1m>[22m[39m[90m 527 |[39m        
                             
[33m<[39m[33mdiv[39m 
className[33m=[39m[32m"flex items-center 
justify-between text-sm 
mt-1"[39m[33m>[39m
 [90m     |[39m [31m[1m^[22m[39m[31m
[1m^[22m[39m[31m[1m^[22m[39m[31m[1m^
[22m[39m[31m[1m^[22m[39m[31m[1m^[22
m[39m[31m[1m^[22m[39m[31m[1m^[22m[3
9m[31m[1m^[22m[39m[31m[1m^[22m[39m
[31m[1m>[22m[39m[90m 528 |[39m        
                                 
[33m<[39m[33mspan[39m 
className[33m=[39m[32m"text-gray-300 
font-bold"[39m[33m>[39m[33mRetorno[39m 
[33mEstimado[39m[33m<[39m[33m/[39m[33
mspan[39m[33m>[39m
 [90m     |[39m [31m[1m^[22m[39m[31m
[1m^[22m[39m[31m[1m^[22m[39m[31m[1m^
[22m[39m[31m[1m^[22m[39m[31m[1m^[22
m[39m[31m[1m^[22m[39m[31m[1m^[22m[3
9m[31m[1m^[22m[39m[31m[1m^[22m[39m
[31m[1m>[22m[39m[90m 529 |[39m        
                                 
[33m<[39m[33mspan[39m 
className[33m=[39m[32m"font-black 
text-primary text-base"[39m[33m>[39m
 [90m     |[39m [31m[1m^[22m[39m[31m
[1m^[22m[39m[31m[1m^[22m[39m[31m[1m^
[22m[39m[31m[1m^[22m[39m[31m[1m^[22
m[39m[31m[1m^[22m[39m[31m[1m^[22m[3
9m[31m[1m^[22m[39m[31m[1m^[22m[39m
[31m[1m>[22m[39m[90m 530 |[39m        
                                     
[33mR$[39m {estimatedReturn[33m.[39mtoLo
caleString([32m'pt-BR'[39m[33m,[39m { 
minimumFractionDigits[33m:[39m 
[35m2[39m[33m,[39m 
maximumFractionDigits[33m:[39m 
[35m2[39m })}
 [90m     |[39m [31m[1m^[22m[39m[31m
[1m^[22m[39m[31m[1m^[22m[39m[31m[1m^
[22m[39m[31m[1m^[22m[39m[31m[1m^[22
m[39m[31m[1m^[22m[39m[31m[1m^[22m[3
9m[31m[1m^[22m[39m[31m[1m^[22m[39m
[31m[1m>[22m[39m[90m 531 |[39m        
                                 [33m<[39m
[33m/[39m[33mspan[39m[33m>[39m
 [90m     |[39m [31m[1m^[22m[39m[31m
[1m^[22m[39m[31m[1m^[22m[39m[31m[1m^
[22m[39m[31m[1m^[22m[39m[31m[1m^[22
m[39m[31m[1m^[22m[39m[31m[1m^[22m[3
9m[31m[1m^[22m[39m[31m[1m^[22m[39m
[31m[1m>[22m[39m[90m 532 |[39m        
                             [33m<[39m[33
m/[39m[33mdiv[39m[33m>[39m
 [90m     |[39m [31m[1m^[22m[39m[31m
[1m^[22m[39m[31m[1m^[22m[39m[31m[1m^
[22m[39m[31m[1m^[22m[39m[31m[1m^[22
m[39m[31m[1m^[22m[39m[31m[1m^[22m[3
9m[31m[1m^[22m[39m[31m[1m^[22m[39m
[31m[1m>[22m[39m[90m 533 |[39m        
                         [33m<[39m[33m/[
39m[33mdiv[39m[33m>[39m
 [90m     |[39m [31m[1m^[22m[39m[31m
[1m^[22m[39m[31m[1m^[22m[39m[31m[1m^
[22m[39m[31m[1m^[22m[39m[31m[1m^[22
m[39m[31m[1m^[22m[39m[31m[1m^[22m[3
9m[31m[1m^[22m[39m[31m[1m^[22m[39m
[31m[1m>[22m[39m[90m 534 |[39m        
                         
 [90m     |[39m [31m[1m^[22m[39m[31m
[1m^[22m[39m[31m[1m^[22m[39m[31m[1m^
[22m[39m[31m[1m^[22m[39m[31m[1m^[22
m[39m[31m[1m^[22m[39m[31m[1m^[22m[3
9m[31m[1m^[22m[39m[31m[1m^[22m[39m
[31m[1m>[22m[39m[90m 535 |[39m        
                         
[33m<[39m[33mdiv[39m 
className[33m=[39m[32m"text-[10px] 
text-gray-500 leading-tight bg-white/5 p-2 
rounded-lg text-center mt-2"[39m[33m>[39m
 [90m     |[39m [31m[1m^[22m[39m[31m
[1m^[22m[39m[31m[1m^[22m[39m[31m[1m^
[22m[39m[31m[1m^[22m[39m[31m[1m^[22
m[39m[31m[1m^[22m[39m[31m[1m^[22m[3
9m[31m[1m^[22m[39m[31m[1m^[22m[39m
[31m[1m>[22m[39m[90m 536 |[39m        
                             [33mOdds[39m 
din├ómicas estimadas[33m.[39m [33mO[39m 
pagamento final pode variar conforme novas 
previs├Áes entram at├® o fechamento 
[36mdo[39m mercado[33m.[39m
 [90m     |[39m [31m[1m^[22m[39m[31m
[1m^[22m[39m[31m[1m^[22m[39m[31m[1m^
[22m[39m[31m[1m^[22m[39m[31m[1m^[22
m[39m[31m[1m^[22m[39m[31m[1m^[22m[3
9m[31m[1m^[22m[39m[31m[1m^[22m[39m
[31m[1m>[22m[39m[90m 537 |[39m        
                         [33m<[39m[33m/[
39m[33mdiv[39m[33m>[39m
 [90m     |[39m [31m[1m^[22m[39m[31m
[1m^[22m[39m[31m[1m^[22m[39m[31m[1m^
[22m[39m[31m[1m^[22m[39m[31m[1m^[22
m[39m[31m[1m^[22m[39m[31m[1m^[22m[3
9m[31m[1m^[22m[39m[31m[1m^[22m[39m
[31m[1m>[22m[39m[90m 538 |[39m
 [90m     |[39m [31m[1m^[22m[39m[31m
[1m^[22m[39m[31m[1m^[22m[39m[31m[1m^
[22m[39m[31m[1m^[22m[39m[31m[1m^[22
m[39m[31m[1m^[22m[39m[31m[1m^[22m[3
9m[31m[1m^[22m[39m[31m[1m^[22m[39m
[31m[1m>[22m[39m[90m 539 |[39m        
                         {[90m/* BET 
BUTTON */[39m}
 [90m     |[39m [31m[1m^[22m[39m[31m
[1m^[22m[39m[31m[1m^[22m[39m[31m[1m^
[22m[39m[31m[1m^[22m[39m[31m[1m^[22
m[39m[31m[1m^[22m[39m[31m[1m^[22m[3
9m[31m[1m^[22m[39m[31m[1m^[22m[39m
[31m[1m>[22m[39m[90m 540 |[39m        
                         
[33m<[39m[33mbutton[39m
 [90m     |[39m [31m[1m^[22m[39m[31m
[1m^[22m[39m[31m[1m^[22m[39m[31m[1m^
[22m[39m[31m[1m^[22m[39m[31m[1m^[22
m[39m[31m[1m^[22m[39m[31m[1m^[22m[3
9m[31m[1m^[22m[39m[31m[1m^[22m[39m
[31m[1m>[22m[39m[90m 541 |[39m        
                             
onClick[33m=[39m{handleBet}
 [90m     |[39m [31m[1m^[22m[39m[31m
[1m^[22m[39m[31m[1m^[22m[39m[31m[1m^
[22m[39m[31m[1m^[22m[39m[31m[1m^[22
m[39m[31m[1m^[22m[39m[31m[1m^[22m[3
9m[31m[1m^[22m[39m[31m[1m^[22m[39m
[31m[1m>[22m[39m[90m 542 |[39m        
                             
disabled[33m=[39m{placingBet [33m||[39m 
[33m![39mamount [33m||[39m 
parseFloat(amount) [33m<=[39m [35m0[39m 
[33m||[39m [33m![39mselectedOutcome}
 [90m     |[39m [31m[1m^[22m[39m[31m
[1m^[22m[39m[31m[1m^[22m[39m[31m[1m^
[22m[39m[31m[1m^[22m[39m[31m[1m^[22
m[39m[31m[1m^[22m[39m[31m[1m^[22m[3
9m[31m[1m^[22m[39m[31m[1m^[22m[39m
[31m[1m>[22m[39m[90m 543 |[39m        
                             
className[33m=[39m[32m"w-full py-3.5 
rounded-xl font-bold text-base text-white 
bg-primary hover:bg-primary/85 
hover:scale-[1.02] active:scale-[0.98] 
transition-all duration-200 
disabled:opacity-50 
disabled:hover:scale-100 
disabled:cursor-not-allowed 
shadow-[0_0_20px_rgba(4,179,5,0.3)]"[39m
 [90m     |[39m [31m[1m^[22m[39m[31m
[1m^[22m[39m[31m[1m^[22m[39m[31m[1m^
[22m[39m[31m[1m^[22m[39m[31m[1m^[22
m[39m[31m[1m^[22m[39m[31m[1m^[22m[3
9m[31m[1m^[22m[39m[31m[1m^[22m[39m
[31m[1m>[22m[39m[90m 544 |[39m        
                         [33m>[39m
 [90m     |[39m [31m[1m^[22m[39m[31m
[1m^[22m[39m[31m[1m^[22m[39m[31m[1m^
[22m[39m[31m[1m^[22m[39m[31m[1m^[22
m[39m[31m[1m^[22m[39m[31m[1m^[22m[3
9m[31m[1m^[22m[39m[31m[1m^[22m[39m
[31m[1m>[22m[39m[90m 545 |[39m        
                             {placingBet 
[33m?[39m [32m'Processando...'[39m 
[33m:[39m [32m'Fazer Previs├úo'[39m}
 [90m     |[39m [31m[1m^[22m[39m[31m
[1m^[22m[39m[31m[1m^[22m[39m[31m[1m^
[22m[39m[31m[1m^[22m[39m[31m[1m^[22
m[39m[31m[1m^[22m[39m[31m[1m^[22m[3
9m[31m[1m^[22m[39m[31m[1m^[22m[39m
[31m[1m>[22m[39m[90m 546 |[39m        
                         [33m<[39m[33m/[
39m[33mbutton[39m[33m>[39m
 [90m     |[39m [31m[1m^[22m[39m[31m
[1m^[22m[39m[31m[1m^[22m[39m[31m[1m^
[22m[39m[31m[1m^[22m[39m[31m[1m^[22
m[39m[31m[1m^[22m[39m[31m[1m^[22m[3
9m[31m[1m^[22m[39m[31m[1m^[22m[39m
[31m[1m>[22m[39m[90m 547 |[39m
 [90m     |[39m [31m[1m^[22m[39m[31m
[1m^[22m[39m[31m[1m^[22m[39m[31m[1m^
[22m[39m[31m[1m^[22m[39m[31m[1m^[22
m[39m[31m[1m^[22m[39m[31m[1m^[22m[3
9m[31m[1m^[22m[39m[31m[1m^[22m[39m
[31m[1m>[22m[39m[90m 548 |[39m        
                     [33m<[39m[33m/[39m
[33mdiv[39m[33m>[39m
 [90m     |[39m [31m[1m^[22m[39m[31m
[1m^[22m[39m[31m[1m^[22m[39m[31m[1m^
[22m[39m[31m[1m^[22m[39m[31m[1m^[22
m[39m[31m[1m^[22m[39m[31m[1m^[22m[3
9m[31m[1m^[22m[39m[31m[1m^[22m[39m
[31m[1m>[22m[39m[90m 549 |[39m        
                 [33m<[39m[33m/[39m[33m
div[39m[33m>[39m
 [90m     |[39m [31m[1m^[22m[39m[31m
[1m^[22m[39m[31m[1m^[22m[39m[31m[1m^
[22m[39m[31m[1m^[22m[39m[31m[1m^[22
m[39m[31m[1m^[22m[39m[31m[1m^[22m[3
9m[31m[1m^[22m[39m[31m[1m^[22m[39m
[31m[1m>[22m[39m[90m 550 |[39m        
             [33m<[39m[33m/[39m[33mdiv
[39m[33m>[39m
 [90m     |[39m [31m[1m^[22m[39m[31m
[1m^[22m[39m[31m[1m^[22m[39m[31m[1m^
[22m[39m[31m[1m^[22m[39m[31m[1m^[22
m[39m[31m[1m^[22m[39m[31m[1m^[22m[3
9m[31m[1m^[22m[39m[31m[1m^[22m[39m
[31m[1m>[22m[39m[90m 551 |[39m        
         [33m<[39m[33m/[39m[33mdiv[39m
[33m>[39m
 [90m     |[39m [31m[1m^[22m[39m[31m
[1m^[22m[39m[31m[1m^[22m[39m[31m[1m^
[22m[39m[31m[1m^[22m[39m[31m[1m^[22
m[39m[31m[1m^[22m[39m[31m[1m^[22m[3
9m[31m[1m^[22m[39m[31m[1m^[22m[39m
[31m[1m>[22m[39m[90m 552 |[39m        
     [33m<[39m[33m/[39m[33mdiv[39m[33
m>[39m
 [90m     |[39m [31m[1m^[22m[39m[31m
[1m^[22m[39m[31m[1m^[22m[39m[31m[1m^
[22m[39m[31m[1m^[22m[39m[31m[1m^[22
m[39m[31m[1m^[22m[39m[31m[1m^[22m[3
9m[31m[1m^[22m[39m[31m[1m^[22m[39m
[31m[1m>[22m[39m[90m 553 |[39m        
 [33m<[39m[33m/[39m[33m>[39m
 [90m     |[39m [31m[1m^[22m[39m[31m
[1m^[22m[39m[31m[1m^[22m[39m[31m[1m^
[22m[39m[31m[1m^[22m[39m[31m[1m^[22
m[39m[31m[1m^[22m[39m[31m[1m^[22m[3
9m[31m[1m^[22m[39m[31m[1m^[22m[39m
[31m[1m>[22m[39m[90m 554 |[39m     
)[33m;[39m
 [90m     |[39m [31m[1m^[22m[39m[31m
[1m^[22m[39m[31m[1m^[22m[39m[31m[1m^
[22m[39m[31m[1m^[22m[39m[31m[1m^[22
m[39m[31m[1m^[22m[39m
 [90m 555 |[39m }
 [90m 556 |[39m[0m

Return statement is not allowed here

Import trace:
  Server Component:
    ./app/app/(user)/markets/[id]/MarketDeta
ilClient.tsx
    ./app/app/(user)/markets/[id]/page.tsx


./app/app/(user)/markets/[id]/MarketDetailCl
ient.tsx:298:58
Parsing ecmascript source code failed
[0m [90m 296 |[39m         
setPlacingBet([36mtrue[39m)[33m;[39m
 [90m 297 |[39m         [36mtry[39m {
[31m[1m>[22m[39m[90m 298 |[39m        
     [36mconst[39m { data[33m:[39m 
userData[33m,[39m error[33m:[39m 
userError } [33m=[39m [36mawait[39m 
supabase
 [90m     |[39m                           
                               [31m[1m^[2
2m[39m[31m[1m^[22m[39m[31m[1m^[22m[
39m[31m[1m^[22m[39m[31m[1m^[22m[39m
 [90m 299 |[39m                 [33m.[39
m[36mfrom[39m([32m'users'[39m)[33m.[39
mselect([32m'balance'[39m)[33m.[39meq([
32m'id'[39m[33m,[39m user[33m.[39mid)[
33m.[39msingle()[33m;[39m
 [90m 300 |[39m             [36mif[39m 
(userError [33m||[39m 
[33m![39muserData) [36mthrow[39m 
userError [33m||[39m [36mnew[39m 
[33mError[39m([32m'User data not 
found'[39m)[33m;[39m
 [90m 301 |[39m[0m

await isn't allowed in non-async function

Import trace:
  Server Component:
    ./app/app/(user)/markets/[id]/MarketDeta
ilClient.tsx
    ./app/app/(user)/markets/[id]/page.tsx


./app/app/(user)/markets/[id]/MarketDetailCl
ient.tsx:314:41
Parsing ecmascript source code failed
[0m [90m 312 |[39m             
[36mconst[39m finalShares [33m=[39m val 
[33m/[39m [33mMath[39m[33m.[39mmax(cur
rentOptionPool[33m,[39m 
[35m1[39m)[33m;[39m
 [90m 313 |[39m
[31m[1m>[22m[39m[90m 314 |[39m        
     [36mconst[39m { error[33m:[39m 
betError } [33m=[39m [36mawait[39m supab
ase[33m.[39m[36mfrom[39m([32m'bets'[39
m)[33m.[39minsert({
 [90m     |[39m                           
              [31m[1m^[22m[39m[31m[1m^
[22m[39m[31m[1m^[22m[39m[31m[1m^[22
m[39m[31m[1m^[22m[39m
 [90m 315 |[39m                 
user_id[33m:[39m 
user[33m.[39mid[33m,[39m
 [90m 316 |[39m                 
market_id[33m:[39m 
market[33m.[39mid[33m,[39m
 [90m 317 |[39m                 
side[33m:[39m 
selectedOutcome[33m,[39m[0m

await isn't allowed in non-async function

Import trace:
  Server Component:
    ./app/app/(user)/markets/[id]/MarketDeta
ilClient.tsx
    ./app/app/(user)/markets/[id]/page.tsx


./app/app/(user)/markets/[id]/MarketDetailCl
ient.tsx:327:45
Parsing ecmascript source code failed
[0m [90m 325 |[39m
 [90m 326 |[39m             [90m// 
Deduct balance[39m
[31m[1m>[22m[39m[90m 327 |[39m        
     [36mconst[39m { error[33m:[39m 
balanceError } [33m=[39m [36mawait[39m s
upabase[33m.[39mrpc([32m'decrement_balanc
e'[39m[33m,[39m { userid[33m:[39m 
user[33m.[39mid[33m,[39m 
amount[33m:[39m val })[33m;[39m
 [90m     |[39m                           
                  [31m[1m^[22m[39m[31m
[1m^[22m[39m[31m[1m^[22m[39m[31m[1m^
[22m[39m[31m[1m^[22m[39m
 [90m 328 |[39m             [36mif[39m 
(balanceError) {
 [90m 329 |[39m                 
[36mawait[39m supabase[33m.[39m[36mfrom
[39m([32m'users'[39m)[33m.[39mupdate({ 
balance[33m:[39m 
userData[33m.[39mbalance [33m-[39m val 
})[33m.[39meq([32m'id'[39m[33m,[39m 
user[33m.[39mid)[33m;[39m
 [90m 330 |[39m             }[0m

await isn't allowed in non-async function

Import trace:
  Server Component:
    ./app/app/(user)/markets/[id]/MarketDeta
ilClient.tsx
    ./app/app/(user)/markets/[id]/page.tsx


./app/app/(user)/markets/[id]/MarketDetailCl
ient.tsx:329:17
Parsing ecmascript source code failed
[0m [90m 327 |[39m             
[36mconst[39m { error[33m:[39m 
balanceError } [33m=[39m [36mawait[39m s
upabase[33m.[39mrpc([32m'decrement_balanc
e'[39m[33m,[39m { userid[33m:[39m 
user[33m.[39mid[33m,[39m 
amount[33m:[39m val })[33m;[39m
 [90m 328 |[39m             [36mif[39m 
(balanceError) {
[31m[1m>[22m[39m[90m 329 |[39m        
         [36mawait[39m supabase[33m.[39m
[36mfrom[39m([32m'users'[39m)[33m.[39m
update({ balance[33m:[39m 
userData[33m.[39mbalance [33m-[39m val 
})[33m.[39meq([32m'id'[39m[33m,[39m 
user[33m.[39mid)[33m;[39m
 [90m     |[39m                 [31m[1m^
[22m[39m[31m[1m^[22m[39m[31m[1m^[22
m[39m[31m[1m^[22m[39m[31m[1m^[22m[3
9m
 [90m 330 |[39m             }
 [90m 331 |[39m
 [90m 332 |[39m             [90m// 
Update pool ÔÇö also triggers realtime 
subscription to update UI instantly[39m[0m

await isn't allowed in non-async function

Import trace:
  Server Component:
    ./app/app/(user)/markets/[id]/MarketDeta
ilClient.tsx
    ./app/app/(user)/markets/[id]/page.tsx


./app/app/(user)/markets/[id]/MarketDetailCl
ient.tsx:337:13
Parsing ecmascript source code failed
[0m [90m 335 |[39m             
[36mconst[39m newPools [33m=[39m { [33m
...[39mmarket[33m.[39moutcome_pools[33m,
[39m [selectedOutcome][33m:[39m 
newOutcomePool }[33m;[39m
 [90m 336 |[39m
[31m[1m>[22m[39m[90m 337 |[39m        
     [36mawait[39m supabase[33m.[39m[36
mfrom[39m([32m'markets'[39m)[33m.[39mup
date({
 [90m     |[39m             [31m[1m^[22
m[39m[31m[1m^[22m[39m[31m[1m^[22m[3
9m[31m[1m^[22m[39m[31m[1m^[22m[39m
 [90m 338 |[39m                 
total_pool[33m:[39m 
newTotalPool[33m,[39m
 [90m 339 |[39m                 
outcome_pools[33m:[39m newPools
 [90m 340 |[39m             
})[33m.[39meq([32m'id'[39m[33m,[39m 
market[33m.[39mid)[33m;[39m[0m

await isn't allowed in non-async function

Import trace:
  Server Component:
    ./app/app/(user)/markets/[id]/MarketDeta
ilClient.tsx
    ./app/app/(user)/markets/[id]/page.tsx


    at <unknown> (./app/app/(user)/markets/[
id]/MarketDetailClient.tsx:371:18)
    at <unknown> (./app/app/(user)/markets/[
id]/MarketDetailClient.tsx:373:5)
    at <unknown> (./app/app/(user)/markets/[
id]/MarketDetailClient.tsx:298:58)
    at <unknown> (./app/app/(user)/markets/[
id]/MarketDetailClient.tsx:314:41)
    at <unknown> (./app/app/(user)/markets/[
id]/MarketDetailClient.tsx:327:45)
    at <unknown> (./app/app/(user)/markets/[
id]/MarketDetailClient.tsx:329:17)
    at <unknown> (./app/app/(user)/markets/[
id]/MarketDetailClient.tsx:337:13)
